\BOOKMARK [1][-]{section.1}{\376\377\000P\000o\000\040\000c\000o\000\040\000t\000o\000\040\000u\000r\000z\001\005\000d\000z\000e\000n\000i\000e}{}% 1
\BOOKMARK [1][-]{section.2}{\376\377\000L\000i\000c\000z\000b\000y\000\040\000z\000\040\000n\000o\000r\000m\000y\000\040\000I\000E\000C\000\040\0006\0001\0008\0005\0001\000-\0001}{}% 2
\BOOKMARK [2][-]{subsection.2.1}{\376\377\000R\000e\000z\000y\000s\000t\000o\000r\000y\000\040\000p\000o\000j\000a\000z\000d\000u\000\040\000\050\000T\000a\000b\000.\000\040\000A\000.\0002\000\051}{section.2}% 3
\BOOKMARK [2][-]{subsection.2.2}{\376\377\000P\000o\000z\000i\000o\000m\000y\000\040\000s\000t\000a\000n\000\363\000w\000\040\000\050\000T\000a\000b\000.\000\040\000A\000.\0003\000,\000\040\000o\000k\000n\000a\000\040\000+\000/\000-\0001\000\040\000V\000\051}{section.2}% 4
\BOOKMARK [2][-]{subsection.2.3}{\376\377\000W\000y\000p\000e\001\102\000n\000i\000e\000n\000i\000e\000\040\000a\000\040\000o\000f\000e\000r\000o\000w\000a\000n\000y\000\040\000p\000r\001\005\000d\000\040\000\050\000T\000a\000b\000.\000\040\000A\000.\0006\000\051}{section.2}% 5
\BOOKMARK [2][-]{subsection.2.4}{\376\377\000K\000o\000d\000o\000w\000a\000n\000i\000e\000\040\000k\000a\000b\000l\000a\000\040\000\050\000T\000a\000b\000.\000\040\000B\000.\0003\000\051}{section.2}% 6
\BOOKMARK [2][-]{subsection.2.5}{\376\377\000C\000z\000a\000s\000y\000\040\000\050\000T\000a\000b\000.\000\040\000A\000.\0007\000\051}{section.2}% 7
\BOOKMARK [1][-]{section.3}{\376\377\000C\000o\000\040\000j\000u\001\174\000\040\000j\000e\000s\000t\000\040\000w\000\040\000p\000u\000s\000z\000c\000e\000,\000\040\000a\000\040\000c\000o\000\040\000d\000o\000c\000h\000o\000d\000z\000i}{}% 8
\BOOKMARK [1][-]{section.4}{\376\377\000R\000d\000z\000e\001\104\000\040\000p\000i\000l\000o\000t\000a\000\040\040\024\000\040\000g\000a\001\102\001\031\000z\000i\000e\000\040\000s\000t\000a\000n\000\363\000w}{}% 9
\BOOKMARK [2][-]{subsection.4.1}{\376\377\000D\000l\000a\000c\000z\000e\000g\000o\000\040\000r\000e\000z\000y\000s\000t\000o\000r\000\040\000s\000t\000a\000n\000u\000\040\000,\000,\000p\000o\000d\001\102\001\005\000c\000z\000o\000n\000y\000'\000'\000\040\000n\000i\000e\000\040\000m\000a\000\040\000s\000t\000y\000k\000u}{section.4}% 10
\BOOKMARK [2][-]{subsection.4.2}{\376\377\000G\000a\001\102\001\005\001\172\000\040\000s\000t\000a\000n\000u\000\040\000,\000,\001\102\000a\000d\000o\000w\000a\000n\000i\000e\000'\000'}{section.4}% 11
\BOOKMARK [2][-]{subsection.4.3}{\376\377\000P\000o\000z\000o\000s\000t\000a\001\102\000e\000\040\000g\000a\001\102\001\031\000z\000i\000e\000\040\000i\000\040\000u\000s\000t\000e\000r\000k\000i\000\040\000w\000s\000t\000r\000z\000y\000k\000i\000w\000a\000n\000e}{section.4}% 12
\BOOKMARK [2][-]{subsection.4.4}{\376\377\000C\000z\000e\000g\000o\000\040\000t\000u\000\040\000n\000i\000e\000\040\000m\000a\000:\000\040\000s\000t\000a\000n\000\040\000,\000,\001\102\000a\000d\000o\000w\000a\000n\000i\000e\000\040\000z\000\040\000w\000e\000n\000t\000y\000l\000a\000c\000j\001\005\000'\000'}{section.4}% 13
\BOOKMARK [2][-]{subsection.4.5}{\376\377\000M\000o\000c\000\040\000t\000r\000a\000c\000o\000n\000a\000\040\000w\000\040\000r\000e\000z\000y\000s\000t\000o\000r\000a\000c\000h\000\040\000p\000o\000j\000a\000z\000d\000u}{section.4}% 14
\BOOKMARK [2][-]{subsection.4.6}{\376\377\000D\000l\000a\000c\000z\000e\000g\000o\000\040\000p\000r\000z\000e\000k\000a\001\172\000n\000i\000k\000i\000\040\000m\000u\000s\000z\001\005\000\040\000b\000y\001\007\000\040\000s\000y\000g\000n\000a\001\102\000o\000w\000e\000,\000\040\000a\000\040\000n\000i\000e\000\040\000m\000o\000c\000y}{section.4}% 15
\BOOKMARK [1][-]{section.5}{\376\377\000S\000t\000e\000r\000o\000w\000a\000n\000i\000e\000\040\000p\000r\000z\000e\000k\000a\001\172\000n\000i\000k\000a\000m\000i\000\040\040\024\000\040\000s\000t\000a\000n\000\040\000w\000y\000k\000o\000n\000a\000n\000y}{}% 16
\BOOKMARK [2][-]{subsection.5.1}{\376\377\000M\000e\000c\000h\000a\000n\000i\000z\000m}{section.5}% 17
\BOOKMARK [2][-]{subsection.5.2}{\376\377\000M\000a\000r\000g\000i\000n\000e\000s\000\040\000z\000a\000d\000z\000i\000a\001\102\000a\000n\000i\000a\000\040\000p\000r\000z\000e\000k\000a\001\172\000n\000i\000k\000a}{section.5}% 18
\BOOKMARK [2][-]{subsection.5.3}{\376\377\000P\000r\000z\000y\000p\000i\000s\000a\000n\000i\000e\000\040\000w\000y\000p\000r\000o\000w\000a\000d\000z\000e\001\104\000\040\040\024\000\040\000s\000t\000a\000n\000\040\000f\000a\000k\000t\000y\000c\000z\000n\000y}{section.5}% 19
\BOOKMARK [2][-]{subsection.5.4}{\376\377\000P\000o\000t\000w\000i\000e\000r\000d\000z\000a\000n\000i\000e\000\040\000z\000a\000d\000z\000i\000a\001\102\000a\000n\000i\000a\000\040\000p\000r\000z\000e\000z\000\040\000p\000r\000o\000g\000r\000a\000m}{section.5}% 20
\BOOKMARK [1][-]{section.6}{\376\377\000T\000o\000r\000\040\000p\000o\000m\000i\000a\000r\000o\000w\000y\000\040\000p\000i\000l\000o\000t\000a}{}% 21
\BOOKMARK [2][-]{subsection.6.1}{\376\377\000P\000r\000z\000e\000s\000u\000n\000i\001\031\000c\000i\000e\000\040\000z\000a\000k\000r\000e\000s\000u\000\040\000+\000/\000-\0001\0002\000\040\000V\000\040\000w\000\040\000o\000k\000n\000o\000\040\0000\000.\000.\000.\0005\000\040\000V}{section.6}% 22
\BOOKMARK [2][-]{subsection.6.2}{\376\377\000I\000l\000e\000\040\000t\000e\000n\000\040\000t\000o\000r\000\040\000o\000b\000c\000i\001\005\001\174\000a\000\040\000l\000i\000n\000i\001\031\000\040\000p\000i\000l\000o\000t\000a}{section.6}% 23
\BOOKMARK [2][-]{subsection.6.3}{\376\377\000D\000l\000a\000c\000z\000e\000g\000o\000\040\000d\000i\000o\000d\000y\000\040\000z\000a\000b\000e\000z\000p\000i\000e\000c\000z\000a\000j\001\005\000c\000e\000\040\000n\000i\000g\000d\000y\000\040\000n\000i\000e\000\040\000p\000r\000z\000e\000s\000z\000k\000a\000d\000z\000a\000j\001\005}{section.6}% 24
\BOOKMARK [2][-]{subsection.6.4}{\376\377\000R\000o\000z\000g\000a\001\102\001\031\000z\000i\000e\000n\000i\000e\000:\000\040\000d\000r\000o\000g\000a\000\040\000w\000y\000g\001\102\000a\000d\000z\000o\000n\000a\000\040\000i\000\040\000d\000r\000o\000g\000a\000\040\000o\000s\000t\000r\000a}{section.6}% 25
\BOOKMARK [2][-]{subsection.6.5}{\376\377\000D\000r\000u\000g\000i\000\040\000p\000o\000d\000z\000i\000a\001\102\000\040\000p\000r\000z\000e\000z\000\040\000d\000w\000a}{section.6}% 26
\BOOKMARK [2][-]{subsection.6.6}{\376\377\000P\000r\000\363\000g\000\040\000i\000\040\000d\000l\000a\000c\000z\000e\000g\000o\000\040\000l\000e\001\174\000y\000\040\000a\000k\000u\000r\000a\000t\000\040\000t\000a\000m}{section.6}% 27
\BOOKMARK [2][-]{subsection.6.7}{\376\377\000R\000e\000z\000y\000s\000t\000o\000r\000\040\000p\000o\000d\000c\000i\001\005\000g\000a\000j\001\005\000c\000y\000\040\000w\000y\000j\001\133\000c\000i\000e}{section.6}% 28
\BOOKMARK [2][-]{subsection.6.8}{\376\377\000H\000i\000s\000t\000e\000r\000e\000z\000a\000\040\040\024\000\040\000i\000l\000e\000\040\000i\000\040\000p\000o\000\040\000c\000o}{section.6}% 29
\BOOKMARK [2][-]{subsection.6.9}{\376\377\000W\000y\000p\000r\000o\000w\000a\000d\000z\000e\000n\000i\000a\000\040\000k\000o\000m\000p\000a\000r\000a\000t\000o\000r\000a\000\040\040\024\000\040\000c\000o\000\040\000z\000\040\000c\000z\000y\000m}{section.6}% 30
\BOOKMARK [2][-]{subsection.6.10}{\376\377\000C\000o\000\040\000p\000r\000o\000g\000r\000a\000m\000\040\000z\000\040\000t\000e\000g\000o\000\040\000l\000i\000c\000z\000y}{section.6}% 31
\BOOKMARK [1][-]{section.7}{\376\377\000M\000i\000e\000r\000n\000i\000k\000\040\000p\000a\000n\000e\000l\000o\000w\000y\000\040\000p\000i\000l\000o\000t\000a\000\040\040\024\000\040\000d\000e\000t\000e\000k\000t\000o\000r\000\040\000s\000z\000c\000z\000y\000t\000u}{}% 32
\BOOKMARK [1][-]{section.8}{\376\377\000T\000o\000r\000\040\000o\000b\000e\000c\000n\000o\001\133\000c\000i\000\040\000w\000t\000y\000k\000u\000\040\000i\000\040\000k\000o\000d\000o\000w\000a\000n\000i\000a\000\040\000k\000a\000b\000l\000a}{}% 33
\BOOKMARK [1][-]{section.9}{\376\377\000M\000a\000s\000z\000y\000n\000a\000\040\000d\000e\000c\000y\000z\000y\000j\000n\000a}{}% 34
\BOOKMARK [2][-]{subsection.9.1}{\376\377\000W\000a\000r\000u\000n\000k\000i\000\040\000z\000a\000m\000k\000n\000i\001\031\000c\000i\000a\000\040\000s\000t\000y\000k\000u\000\040\000p\000o\000j\000a\000z\000d\000u}{section.9}% 35
\BOOKMARK [2][-]{subsection.9.2}{\376\377\000P\000r\000z\000e\000b\000i\000e\000g\000\040\000s\000e\000s\000j\000i}{section.9}% 36
\BOOKMARK [2][-]{subsection.9.3}{\376\377\000K\000i\000e\000r\000u\000n\000e\000k\000\040\000b\000e\000z\000p\000i\000e\000c\000z\000n\000y}{section.9}% 37
\BOOKMARK [1][-]{section.10}{\376\377\000R\000o\000l\000a\000\040\000t\000e\000s\000t\000e\000r\000a\000\040\040\024\000\040\000c\000o\000\040\000m\000i\000e\000r\000z\000y\000m\000y\000\040\001\102\000a\000d\000o\000w\000a\000r\000c\000e}{}% 38
\BOOKMARK [1][-]{section.11}{\376\377\000T\000o\000r\000\040\000m\000o\000c\000y\000\040\0003\000x\0003\0002\000\040\000A}{}% 39
\BOOKMARK [2][-]{subsection.11.1}{\376\377\000D\000l\000a\000c\000z\000e\000g\000o\000\040\000w\000\040\000p\000u\000s\000z\000c\000e\000\040\000n\000i\000e\000\040\000m\000a\000\040\000z\000a\000b\000e\000z\000p\000i\000e\000c\000z\000e\001\104}{section.11}% 40
\BOOKMARK [2][-]{subsection.11.2}{\376\377\000B\000i\000l\000a\000n\000s\000\040\000c\000i\000e\000p\000l\000n\000y}{section.11}% 41
\BOOKMARK [2][-]{subsection.11.3}{\376\377\000W\000y\000j\001\133\000c\000i\000e}{section.11}% 42
\BOOKMARK [2][-]{subsection.11.4}{\376\377\000O\000g\000r\000a\000n\000i\000c\000z\000e\000n\000i\000e\000\040\000p\000r\000z\000y\000j\001\031\000t\000e\000\040\001\133\000w\000i\000a\000d\000o\000m\000i\000e}{section.11}% 43
\BOOKMARK [1][-]{section.12}{\376\377\000M\000a\000g\000a\000z\000y\000n\000\040\000e\000n\000e\000r\000g\000i\000i\000\040\040\024\000\040\000s\000a\000m\000o\000c\000h\000\363\000d\000\040\000b\000e\000z\000\040\000b\000a\000t\000e\000r\000i\000i}{}% 44
\BOOKMARK [1][-]{section.13}{\376\377\000Z\000a\000s\000i\000l\000a\000n\000i\000e\000\040\000e\000l\000e\000k\000t\000r\000o\000n\000i\000k\000i\000\040\000i\000\040\000b\000e\000z\000p\000i\000e\000c\000z\000e\001\104\000s\000t\000w\000o\000\040\000p\000r\000a\000c\000y}{}% 45
\BOOKMARK [1][-]{section.14}{\376\377\000O\000g\000r\000a\000n\000i\000c\000z\000e\000n\000i\000a\000\040\000p\000r\000z\000y\000j\001\031\000t\000e\000\040\001\133\000w\000i\000a\000d\000o\000m\000i\000e}{}% 46
\BOOKMARK [1][-]{section.15}{\376\377\000W\000y\000b\000\363\000r\000\040\000m\000i\000k\000r\000o\000k\000o\000n\000t\000r\000o\000l\000e\000r\000a}{}% 47
\BOOKMARK [1][-]{section.16}{\376\377\000Z\000e\000s\000t\000a\000w\000i\000e\000n\000i\000e\000\040\000r\000e\000z\000y\000s\000t\000o\000r\000\363\000w}{}% 48
\BOOKMARK [1][-]{section.17}{\376\377\000S\000c\000h\000e\000m\000a\000t}{}% 49
\BOOKMARK [1][-]{section.18}{\376\377\000C\000o\000\040\000t\000r\000z\000e\000b\000a\000\040\000z\000m\000i\000e\000r\000z\000y\001\007\000\040\000i\000\040\000o\000t\000w\000a\000r\000t\000e\000\040\000k\000w\000e\000s\000t\000i\000e}{}% 50
\BOOKMARK [1][-]{section.19}{\376\377\000D\000z\000i\000e\000n\000n\000i\000k\000\040\000i\000t\000e\000r\000a\000c\000j\000i}{}% 51
