11:56:05 most DevKit polaczony: stan None, ladowanie None, limit None A, czas DevKitu 11:56
11:56:07 most Polaczono z serwerem OCPP ws://localhost:9000/Q11-543204516334
11:56:07 ocpp Q11-543204516334: send [2,"aa145e23-b8f2-4fb9-9caa-dabe46698938","BootNotification",{"chargePointModel":"Q11","chargePointVendor":"AmperePoint","chargePointSerialNumber":"Q11-543204516334","firmwareVersion":"Shelly X DevKit + skrypt v3"}]
11:56:07 ocpp Q11-543204516334: receive message [3,"aa145e23-b8f2-4fb9-9caa-dabe46698938",{"currentTime":"2026-09-25T09:56:07Z","interval":60,"status":"Accepted"}]
11:56:07 most BootNotification: Accepted, heartbeat 60 s
11:56:07 ocpp Q11-543204516334: send [2,"55c8d3e7-b27e-4311-b681-80156eb2e953","StatusNotification",{"connectorId":1,"errorCode":"NoError","status":"Available","timestamp":"2026-09-25T09:56:07Z","info":"Q11: charger_free"}]
11:56:07 ocpp Q11-543204516334: receive message [3,"55c8d3e7-b27e-4311-b681-80156eb2e953",{}]
11:56:37 most DevKit polaczony: stan charger_free, ladowanie True, limit 12 A, czas DevKitu 11:56
11:56:38 most Polaczono z serwerem OCPP ws://localhost:9000/Q11-543204516334
11:56:38 ocpp Q11-543204516334: send [2,"d5ae850c-e0a3-49ec-9dd7-20c257ecf35b","BootNotification",{"chargePointModel":"Q11","chargePointVendor":"AmperePoint","chargePointSerialNumber":"Q11-543204516334","firmwareVersion":"Shelly X DevKit + skrypt v3"}]
11:56:38 ocpp Q11-543204516334: receive message [3,"d5ae850c-e0a3-49ec-9dd7-20c257ecf35b",{"currentTime":"2026-09-25T09:56:38Z","interval":60,"status":"Accepted"}]
11:56:38 most BootNotification: Accepted, heartbeat 60 s
11:56:38 ocpp Q11-543204516334: send [2,"8aad2eb2-f0a8-4dcd-9a2b-7e452b649293","StatusNotification",{"connectorId":1,"errorCode":"NoError","status":"Available","timestamp":"2026-09-25T09:56:38Z","info":"Q11: charger_free"}]
11:56:38 ocpp Q11-543204516334: receive message [3,"8aad2eb2-f0a8-4dcd-9a2b-7e452b649293",{}]
11:56:48 ocpp Q11-543204516334: receive message [2,"a041b542-9daa-4f65-ba2f-d5243449760a","TriggerMessage",{"requestedMessage":"MeterValues","connectorId":1}]
11:56:48 ocpp Q11-543204516334: send [3,"a041b542-9daa-4f65-ba2f-d5243449760a",{"status":"Accepted"}]
11:56:48 ocpp Q11-543204516334: receive message [2,"60ca351b-c144-4e5a-b88d-b9a9e7d01a4b","SetChargingProfile",{"connectorId":1,"csChargingProfiles":{"chargingProfileId":1,"stackLevel":0,"chargingProfilePurpose":"TxDefaultProfile","chargingProfileKind":"Absolute","chargingSchedule":{"chargingRateUnit":"A","chargingSchedulePeriod":[{"startPeriod":0,"limit":10.0}]}}}]
11:56:48 most SetChargingProfile: limit 10.0 -> 10 A na Q11
11:56:48 ocpp Q11-543204516334: send [3,"60ca351b-c144-4e5a-b88d-b9a9e7d01a4b",{"status":"Accepted"}]
11:56:49 ocpp Q11-543204516334: send [2,"0ffc4b9a-38df-4fa6-a703-0cf84a9c4fde","MeterValues",{"connectorId":1,"meterValue":[{"timestamp":"2026-09-25T09:56:48Z","sampledValue":[{"value":"0","measurand":"Energy.Active.Import.Register","unit":"Wh","context":"Trigger"},{"value":"0","measurand":"Power.Active.Import","unit":"W","context":"Trigger"},{"value":"0","measurand":"Current.Import","phase":"L1","unit":"A","context":"Trigger"},{"value":"0","measurand":"Voltage","phase":"L1","unit":"V","context":"Trigger"},{"value":"0","measurand":"Current.Import","phase":"L2","unit":"A","context":"Trigger"},{"value":"0","measurand":"Voltage","phase":"L2","unit":"V","context":"Trigger"},{"value":"0","measurand":"Current.Import","phase":"L3","unit":"A","context":"Trigger"},{"value":"0","measurand":"Voltage","phase":"L3","unit":"V","context":"Trigger"},{"value":"10","measurand":"Current.Offered","unit":"A","context":"Trigger"}]}]}]
11:56:49 ocpp Q11-543204516334: receive message [3,"0ffc4b9a-38df-4fa6-a703-0cf84a9c4fde",{}]
11:56:57 ocpp Q11-543204516334: receive message [2,"f637183b-d2fb-4c6f-aa19-f7cd035e603a","SetChargingProfile",{"connectorId":1,"csChargingProfiles":{"chargingProfileId":1,"stackLevel":0,"chargingProfilePurpose":"TxDefaultProfile","chargingProfileKind":"Absolute","chargingSchedule":{"chargingRateUnit":"A","chargingSchedulePeriod":[{"startPeriod":0,"limit":12.0}]}}}]
11:56:57 most SetChargingProfile: limit 12.0 -> 12 A na Q11
11:56:57 ocpp Q11-543204516334: send [3,"f637183b-d2fb-4c6f-aa19-f7cd035e603a",{"status":"Accepted"}]
11:56:57 ocpp Q11-543204516334: receive message [2,"d075960c-9e9c-4af8-b07b-105de703215c","GetConfiguration",{}]
11:56:57 ocpp Q11-543204516334: send [3,"d075960c-9e9c-4af8-b07b-105de703215c",{"configurationKey":[{"key":"HeartbeatInterval","readonly":false,"value":"60"},{"key":"MeterValueSampleInterval","readonly":true,"value":"30"},{"key":"NumberOfConnectors","readonly":true,"value":"1"},{"key":"ChargeProfileMaxStackLevel","readonly":true,"value":"0"},{"key":"Q11CurrentLimitA","readonly":true,"value":"10"}]}]
11:57:20 ocpp Q11-543204516334: receive message [2,"ed769d84-e5f6-409a-9537-ce29b6d5134d","RemoteStartTransaction",{"idTag":"KARTA-TEST","connectorId":1}]
11:57:20 ocpp Q11-543204516334: send [3,"ed769d84-e5f6-409a-9537-ce29b6d5134d",{"status":"Accepted"}]
11:57:20 ocpp Q11-543204516334: receive message [2,"8434a1fa-9fd3-49be-956b-e9b4ba5139a9","TriggerMessage",{"requestedMessage":"StatusNotification","connectorId":1}]
11:57:20 ocpp Q11-543204516334: send [3,"8434a1fa-9fd3-49be-956b-e9b4ba5139a9",{"status":"Accepted"}]
11:57:20 ocpp Q11-543204516334: send [2,"51c44c95-ec06-4349-89f2-c04fed44a633","StatusNotification",{"connectorId":1,"errorCode":"NoError","status":"Available","timestamp":"2026-09-25T09:57:20Z","info":"Q11: charger_free"}]
11:57:20 ocpp Q11-543204516334: receive message [3,"51c44c95-ec06-4349-89f2-c04fed44a633",{}]
11:57:39 ocpp Q11-543204516334: send [2,"6d751c6b-76b9-4344-b9d5-bcc3ed475450","Heartbeat",{}]
11:57:39 ocpp Q11-543204516334: receive message [3,"6d751c6b-76b9-4344-b9d5-bcc3ed475450",{"currentTime":"2026-09-25T09:57:39Z"}]
11:58:39 ocpp Q11-543204516334: send [2,"f88e8778-7730-4cd7-bf33-effa28a97bf1","Heartbeat",{}]
11:58:39 ocpp Q11-543204516334: receive message [3,"f88e8778-7730-4cd7-bf33-effa28a97bf1",{"currentTime":"2026-09-25T09:58:39Z"}]
11:59:40 ocpp Q11-543204516334: send [2,"0827cfcb-5ae0-4627-aac0-a376019814ac","Heartbeat",{}]
11:59:40 ocpp Q11-543204516334: receive message [3,"0827cfcb-5ae0-4627-aac0-a376019814ac",{"currentTime":"2026-09-25T09:59:40Z"}]
12:00:40 ocpp Q11-543204516334: send [2,"bc773ed3-07ee-4ab4-ac8e-44b6e9493b43","Heartbeat",{}]
12:00:40 ocpp Q11-543204516334: receive message [3,"bc773ed3-07ee-4ab4-ac8e-44b6e9493b43",{"currentTime":"2026-09-25T10:00:40Z"}]
12:01:41 ocpp Q11-543204516334: send [2,"585224e9-5982-4994-a315-5fee4b93bb6f","Heartbeat",{}]
12:01:41 ocpp Q11-543204516334: receive message [3,"585224e9-5982-4994-a315-5fee4b93bb6f",{"currentTime":"2026-09-25T10:01:41Z"}]
12:02:41 ocpp Q11-543204516334: send [2,"2db9f12a-8bef-4d45-9a53-bbbf37ce72a6","Heartbeat",{}]
12:02:41 ocpp Q11-543204516334: receive message [3,"2db9f12a-8bef-4d45-9a53-bbbf37ce72a6",{"currentTime":"2026-09-25T10:02:41Z"}]
12:03:42 ocpp Q11-543204516334: send [2,"18286444-5c4f-4842-82e6-e4a7d12bb32b","Heartbeat",{}]
12:03:42 ocpp Q11-543204516334: receive message [3,"18286444-5c4f-4842-82e6-e4a7d12bb32b",{"currentTime":"2026-09-25T10:03:42Z"}]
12:04:42 ocpp Q11-543204516334: send [2,"ae023c3c-f77b-4cad-8fe9-42f50fa40859","Heartbeat",{}]
12:04:42 ocpp Q11-543204516334: receive message [3,"ae023c3c-f77b-4cad-8fe9-42f50fa40859",{"currentTime":"2026-09-25T10:04:42Z"}]
12:05:43 ocpp Q11-543204516334: send [2,"a2680bae-9d67-4cfa-8518-27d7e293620e","Heartbeat",{}]
12:05:43 ocpp Q11-543204516334: receive message [3,"a2680bae-9d67-4cfa-8518-27d7e293620e",{"currentTime":"2026-09-25T10:05:43Z"}]
12:06:44 ocpp Q11-543204516334: send [2,"08ba95d1-72f1-4722-8ef8-fab575ab0638","Heartbeat",{}]
12:06:44 ocpp Q11-543204516334: receive message [3,"08ba95d1-72f1-4722-8ef8-fab575ab0638",{"currentTime":"2026-09-25T10:06:44Z"}]
12:07:44 ocpp Q11-543204516334: send [2,"5c8746f7-2e5e-478c-a16a-d064047c8c41","Heartbeat",{}]
12:07:44 ocpp Q11-543204516334: receive message [3,"5c8746f7-2e5e-478c-a16a-d064047c8c41",{"currentTime":"2026-09-25T10:07:44Z"}]
12:08:45 ocpp Q11-543204516334: send [2,"d3f966ae-eafe-491e-bd3c-7147d6803eed","Heartbeat",{}]
12:08:45 ocpp Q11-543204516334: receive message [3,"d3f966ae-eafe-491e-bd3c-7147d6803eed",{"currentTime":"2026-09-25T10:08:45Z"}]
12:09:46 ocpp Q11-543204516334: send [2,"482555eb-fb58-46ee-93e1-bd0f377b281d","Heartbeat",{}]
12:09:46 ocpp Q11-543204516334: receive message [3,"482555eb-fb58-46ee-93e1-bd0f377b281d",{"currentTime":"2026-09-25T10:09:46Z"}]
12:10:46 ocpp Q11-543204516334: send [2,"40c9104b-85cf-4f20-bc4e-33102ea42e7b","Heartbeat",{}]
12:10:46 ocpp Q11-543204516334: receive message [3,"40c9104b-85cf-4f20-bc4e-33102ea42e7b",{"currentTime":"2026-09-25T10:10:46Z"}]
12:11:47 ocpp Q11-543204516334: send [2,"47e62df8-d3a1-48c3-bfd5-5e350995938f","Heartbeat",{}]
12:11:47 ocpp Q11-543204516334: receive message [3,"47e62df8-d3a1-48c3-bfd5-5e350995938f",{"currentTime":"2026-09-25T10:11:47Z"}]
12:12:47 ocpp Q11-543204516334: send [2,"9e6b455d-5013-4060-9898-a20ea35d7992","Heartbeat",{}]
12:12:47 ocpp Q11-543204516334: receive message [3,"9e6b455d-5013-4060-9898-a20ea35d7992",{"currentTime":"2026-09-25T10:12:47Z"}]
12:13:48 ocpp Q11-543204516334: send [2,"1b3f1f05-e873-4406-ac14-f87b51a1d320","Heartbeat",{}]
12:13:48 ocpp Q11-543204516334: receive message [3,"1b3f1f05-e873-4406-ac14-f87b51a1d320",{"currentTime":"2026-09-25T10:13:48Z"}]
12:14:49 ocpp Q11-543204516334: send [2,"f42ca39d-d130-4e4e-a985-3ae1650b988f","Heartbeat",{}]
12:14:49 ocpp Q11-543204516334: receive message [3,"f42ca39d-d130-4e4e-a985-3ae1650b988f",{"currentTime":"2026-09-25T10:14:49Z"}]
12:15:49 ocpp Q11-543204516334: send [2,"047549d1-d077-479e-89af-b504a1114ae4","Heartbeat",{}]
12:15:49 ocpp Q11-543204516334: receive message [3,"047549d1-d077-479e-89af-b504a1114ae4",{"currentTime":"2026-09-25T10:15:49Z"}]
12:16:50 ocpp Q11-543204516334: send [2,"bb7e7722-60d4-4abb-948c-652ada7e76ba","Heartbeat",{}]
12:16:50 ocpp Q11-543204516334: receive message [3,"bb7e7722-60d4-4abb-948c-652ada7e76ba",{"currentTime":"2026-09-25T10:16:50Z"}]
12:17:50 ocpp Q11-543204516334: send [2,"bee53228-061f-44d8-a152-d72b1d85293a","Heartbeat",{}]
12:17:50 ocpp Q11-543204516334: receive message [3,"bee53228-061f-44d8-a152-d72b1d85293a",{"currentTime":"2026-09-25T10:17:50Z"}]
12:18:51 ocpp Q11-543204516334: send [2,"99494013-096d-41c9-b97a-75a9d7bcb9f2","Heartbeat",{}]
12:18:51 ocpp Q11-543204516334: receive message [3,"99494013-096d-41c9-b97a-75a9d7bcb9f2",{"currentTime":"2026-09-25T10:18:51Z"}]
12:19:51 ocpp Q11-543204516334: send [2,"7b1e3c94-cce0-4ac8-b9bf-f848d4ecd83c","Heartbeat",{}]
12:19:51 ocpp Q11-543204516334: receive message [3,"7b1e3c94-cce0-4ac8-b9bf-f848d4ecd83c",{"currentTime":"2026-09-25T10:19:51Z"}]
12:20:52 ocpp Q11-543204516334: send [2,"7c85f748-0175-422f-bacc-5b141c825a24","Heartbeat",{}]
12:20:52 ocpp Q11-543204516334: receive message [3,"7c85f748-0175-422f-bacc-5b141c825a24",{"currentTime":"2026-09-25T10:20:52Z"}]
12:21:53 ocpp Q11-543204516334: send [2,"14c8c554-4497-40de-a107-d2fbcd5ce906","Heartbeat",{}]
12:21:53 ocpp Q11-543204516334: receive message [3,"14c8c554-4497-40de-a107-d2fbcd5ce906",{"currentTime":"2026-09-25T10:21:53Z"}]
12:22:53 ocpp Q11-543204516334: send [2,"a5685be3-79b0-4940-baff-a6be46eb162d","Heartbeat",{}]
12:22:53 ocpp Q11-543204516334: receive message [3,"a5685be3-79b0-4940-baff-a6be46eb162d",{"currentTime":"2026-09-25T10:22:53Z"}]
12:23:54 ocpp Q11-543204516334: send [2,"9328732d-f319-438c-977f-c3dbc861b83e","Heartbeat",{}]
12:23:54 ocpp Q11-543204516334: receive message [3,"9328732d-f319-438c-977f-c3dbc861b83e",{"currentTime":"2026-09-25T10:23:54Z"}]
12:24:55 ocpp Q11-543204516334: send [2,"6f1c9a47-2c5d-4f58-b008-f263214ecdec","Heartbeat",{}]
12:24:55 ocpp Q11-543204516334: receive message [3,"6f1c9a47-2c5d-4f58-b008-f263214ecdec",{"currentTime":"2026-09-25T10:24:55Z"}]
12:25:55 ocpp Q11-543204516334: send [2,"e5a9263c-0138-437f-9b89-9c13b2a9e621","Heartbeat",{}]
12:25:55 ocpp Q11-543204516334: receive message [3,"e5a9263c-0138-437f-9b89-9c13b2a9e621",{"currentTime":"2026-09-25T10:25:55Z"}]
12:26:56 ocpp Q11-543204516334: send [2,"b7b7264b-1c80-4694-acd7-3558f9722147","Heartbeat",{}]
12:26:56 ocpp Q11-543204516334: receive message [3,"b7b7264b-1c80-4694-acd7-3558f9722147",{"currentTime":"2026-09-25T10:26:56Z"}]
12:27:56 ocpp Q11-543204516334: send [2,"8fca2201-94d0-4190-a843-055959f36545","Heartbeat",{}]
12:27:56 ocpp Q11-543204516334: receive message [3,"8fca2201-94d0-4190-a843-055959f36545",{"currentTime":"2026-09-25T10:27:56Z"}]
12:28:57 ocpp Q11-543204516334: send [2,"c441f629-6dbb-4de0-87da-cf1805a5b61d","Heartbeat",{}]
12:28:57 ocpp Q11-543204516334: receive message [3,"c441f629-6dbb-4de0-87da-cf1805a5b61d",{"currentTime":"2026-09-25T10:28:57Z"}]
12:29:57 ocpp Q11-543204516334: send [2,"9d0d1acb-cd43-42b3-9b47-23b75fb95cd2","Heartbeat",{}]
12:29:57 ocpp Q11-543204516334: receive message [3,"9d0d1acb-cd43-42b3-9b47-23b75fb95cd2",{"currentTime":"2026-09-25T10:29:57Z"}]
12:30:58 ocpp Q11-543204516334: send [2,"435baeee-42fa-4be3-bd3e-56cec34f3cf3","Heartbeat",{}]
12:30:58 ocpp Q11-543204516334: receive message [3,"435baeee-42fa-4be3-bd3e-56cec34f3cf3",{"currentTime":"2026-09-25T10:30:58Z"}]
12:31:59 ocpp Q11-543204516334: send [2,"16aab7e2-af80-4c26-b07c-d39b7a43b4fa","Heartbeat",{}]
12:31:59 ocpp Q11-543204516334: receive message [3,"16aab7e2-af80-4c26-b07c-d39b7a43b4fa",{"currentTime":"2026-09-25T10:31:59Z"}]
12:32:59 ocpp Q11-543204516334: send [2,"e96cf9ea-ce7c-4c0b-a823-3e3d633f3b7c","Heartbeat",{}]
12:32:59 ocpp Q11-543204516334: receive message [3,"e96cf9ea-ce7c-4c0b-a823-3e3d633f3b7c",{"currentTime":"2026-09-25T10:32:59Z"}]
12:34:00 ocpp Q11-543204516334: send [2,"a374b045-7374-4f9f-ab66-1a8c75c2ec43","Heartbeat",{}]
12:34:00 ocpp Q11-543204516334: receive message [3,"a374b045-7374-4f9f-ab66-1a8c75c2ec43",{"currentTime":"2026-09-25T10:34:00Z"}]
12:35:00 ocpp Q11-543204516334: send [2,"08e22f2e-fec7-45a5-bdd2-64f35c26ead7","Heartbeat",{}]
12:35:00 ocpp Q11-543204516334: receive message [3,"08e22f2e-fec7-45a5-bdd2-64f35c26ead7",{"currentTime":"2026-09-25T10:35:00Z"}]
12:36:01 ocpp Q11-543204516334: send [2,"0cff2729-faeb-4bcb-b2b9-c9a19d1b5354","Heartbeat",{}]
12:36:01 ocpp Q11-543204516334: receive message [3,"0cff2729-faeb-4bcb-b2b9-c9a19d1b5354",{"currentTime":"2026-09-25T10:36:01Z"}]
12:37:01 ocpp Q11-543204516334: send [2,"0c64bbe1-64ec-44c6-818f-8921c3d717eb","Heartbeat",{}]
12:37:01 ocpp Q11-543204516334: receive message [3,"0c64bbe1-64ec-44c6-818f-8921c3d717eb",{"currentTime":"2026-09-25T10:37:01Z"}]
12:38:02 ocpp Q11-543204516334: send [2,"547cdc5c-69a2-4ef4-bc27-d277a530c535","Heartbeat",{}]
12:38:02 ocpp Q11-543204516334: receive message [3,"547cdc5c-69a2-4ef4-bc27-d277a530c535",{"currentTime":"2026-09-25T10:38:02Z"}]
12:39:02 ocpp Q11-543204516334: send [2,"c3d8315c-bd6c-422a-9a48-4c1f93f03525","Heartbeat",{}]
12:39:02 ocpp Q11-543204516334: receive message [3,"c3d8315c-bd6c-422a-9a48-4c1f93f03525",{"currentTime":"2026-09-25T10:39:02Z"}]
12:40:03 ocpp Q11-543204516334: send [2,"06e08806-4f69-4662-9cfa-8a2e16b32853","Heartbeat",{}]
12:40:03 ocpp Q11-543204516334: receive message [3,"06e08806-4f69-4662-9cfa-8a2e16b32853",{"currentTime":"2026-09-25T10:40:03Z"}]
12:41:03 ocpp Q11-543204516334: send [2,"85420c86-4504-4743-b8e1-e323417aabab","Heartbeat",{}]
12:41:03 ocpp Q11-543204516334: receive message [3,"85420c86-4504-4743-b8e1-e323417aabab",{"currentTime":"2026-09-25T10:41:03Z"}]
12:42:04 ocpp Q11-543204516334: send [2,"d8730999-08b6-464d-8c8c-5d196110f3f7","Heartbeat",{}]
12:42:04 ocpp Q11-543204516334: receive message [3,"d8730999-08b6-464d-8c8c-5d196110f3f7",{"currentTime":"2026-09-25T10:42:04Z"}]
12:43:04 ocpp Q11-543204516334: send [2,"5bfdbee2-afc4-4521-a46c-513d0e9da99d","Heartbeat",{}]
12:43:04 ocpp Q11-543204516334: receive message [3,"5bfdbee2-afc4-4521-a46c-513d0e9da99d",{"currentTime":"2026-09-25T10:43:04Z"}]
12:44:05 ocpp Q11-543204516334: send [2,"822005b3-b907-442c-88f5-d95ad40e043b","Heartbeat",{}]
12:44:05 ocpp Q11-543204516334: receive message [3,"822005b3-b907-442c-88f5-d95ad40e043b",{"currentTime":"2026-09-25T10:44:05Z"}]
12:45:05 ocpp Q11-543204516334: send [2,"e8613c03-bfc3-4c96-bad0-e5b75878d267","Heartbeat",{}]
12:45:05 ocpp Q11-543204516334: receive message [3,"e8613c03-bfc3-4c96-bad0-e5b75878d267",{"currentTime":"2026-09-25T10:45:05Z"}]
12:46:06 ocpp Q11-543204516334: send [2,"14f6c858-a374-4238-97a8-78e52582dadf","Heartbeat",{}]
12:46:06 ocpp Q11-543204516334: receive message [3,"14f6c858-a374-4238-97a8-78e52582dadf",{"currentTime":"2026-09-25T10:46:06Z"}]
12:47:06 ocpp Q11-543204516334: send [2,"b00aac1c-89a6-4353-b4f0-6b823e72ac55","Heartbeat",{}]
12:47:06 ocpp Q11-543204516334: receive message [3,"b00aac1c-89a6-4353-b4f0-6b823e72ac55",{"currentTime":"2026-09-25T10:47:06Z"}]
12:48:07 ocpp Q11-543204516334: send [2,"7aa319d7-00b7-42c9-be80-e2d52b5b7505","Heartbeat",{}]
12:48:07 ocpp Q11-543204516334: receive message [3,"7aa319d7-00b7-42c9-be80-e2d52b5b7505",{"currentTime":"2026-09-25T10:48:07Z"}]
12:48:37 most DevKit: brak polaczenia (ConnectionClosedError(None, None, None)), ponawiam za 5 s
12:48:52 most DevKit: brak polaczenia (TimeoutError('timed out during opening handshake')), ponawiam za 5 s
12:49:07 most DevKit: brak polaczenia (TimeoutError('timed out during opening handshake')), ponawiam za 5 s
12:49:07 ocpp Q11-543204516334: send [2,"7c341e20-fe36-4dee-a80c-08f1c072eafa","Heartbeat",{}]
12:49:07 ocpp Q11-543204516334: receive message [3,"7c341e20-fe36-4dee-a80c-08f1c072eafa",{"currentTime":"2026-09-25T10:49:07Z"}]
12:49:13 most DevKit polaczony: stan charger_free, ladowanie True, limit 12 A, czas DevKitu 12:49
12:49:43 most DevKit: brak polaczenia (TimeoutError('timed out during opening handshake')), ponawiam za 5 s
12:49:49 most DevKit polaczony: stan charger_free, ladowanie True, limit 12 A, czas DevKitu 12:49
12:50:08 ocpp Q11-543204516334: send [2,"9eda2078-ac4f-4372-817b-6a50b5e5c94e","Heartbeat",{}]
12:50:08 ocpp Q11-543204516334: receive message [3,"9eda2078-ac4f-4372-817b-6a50b5e5c94e",{"currentTime":"2026-09-25T10:50:08Z"}]
12:51:08 ocpp Q11-543204516334: send [2,"70fda0e9-9775-4480-a341-54bec188feca","Heartbeat",{}]
12:51:08 ocpp Q11-543204516334: receive message [3,"70fda0e9-9775-4480-a341-54bec188feca",{"currentTime":"2026-09-25T10:51:08Z"}]
12:52:09 ocpp Q11-543204516334: send [2,"cd016598-bd2f-4c33-a560-dcb00cb34e59","Heartbeat",{}]
12:52:09 ocpp Q11-543204516334: receive message [3,"cd016598-bd2f-4c33-a560-dcb00cb34e59",{"currentTime":"2026-09-25T10:52:09Z"}]
12:53:09 ocpp Q11-543204516334: send [2,"d746c899-903b-416e-aa15-9c293f61cb1f","Heartbeat",{}]
12:53:09 ocpp Q11-543204516334: receive message [3,"d746c899-903b-416e-aa15-9c293f61cb1f",{"currentTime":"2026-09-25T10:53:09Z"}]
12:54:10 ocpp Q11-543204516334: send [2,"1a728a4f-1331-4a3f-9b25-04fb291004dd","Heartbeat",{}]
12:54:10 ocpp Q11-543204516334: receive message [3,"1a728a4f-1331-4a3f-9b25-04fb291004dd",{"currentTime":"2026-09-25T10:54:10Z"}]
12:55:10 ocpp Q11-543204516334: send [2,"b84ae6bd-5ad5-4138-a9bb-5ea24272a040","Heartbeat",{}]
12:55:10 ocpp Q11-543204516334: receive message [3,"b84ae6bd-5ad5-4138-a9bb-5ea24272a040",{"currentTime":"2026-09-25T10:55:10Z"}]
12:56:11 ocpp Q11-543204516334: send [2,"84c94870-e460-4572-9344-f06091adf3dc","Heartbeat",{}]
12:56:11 ocpp Q11-543204516334: receive message [3,"84c94870-e460-4572-9344-f06091adf3dc",{"currentTime":"2026-09-25T10:56:11Z"}]
12:57:11 ocpp Q11-543204516334: send [2,"edb921e0-c077-4b4a-91eb-c8285c872880","Heartbeat",{}]
12:57:11 ocpp Q11-543204516334: receive message [3,"edb921e0-c077-4b4a-91eb-c8285c872880",{"currentTime":"2026-09-25T10:57:11Z"}]
12:58:12 ocpp Q11-543204516334: send [2,"cad85cd9-3556-4914-829a-fc50bcc4b8b0","Heartbeat",{}]
12:58:12 ocpp Q11-543204516334: receive message [3,"cad85cd9-3556-4914-829a-fc50bcc4b8b0",{"currentTime":"2026-09-25T10:58:12Z"}]
12:59:12 ocpp Q11-543204516334: send [2,"901dc976-1944-484f-9cf0-dc2cb112c09b","Heartbeat",{}]
12:59:12 ocpp Q11-543204516334: receive message [3,"901dc976-1944-484f-9cf0-dc2cb112c09b",{"currentTime":"2026-09-25T10:59:12Z"}]
13:00:13 ocpp Q11-543204516334: send [2,"f95e2676-6bb1-4820-9ec9-97056043ab3e","Heartbeat",{}]
13:00:13 ocpp Q11-543204516334: receive message [3,"f95e2676-6bb1-4820-9ec9-97056043ab3e",{"currentTime":"2026-09-25T11:00:13Z"}]
13:01:13 ocpp Q11-543204516334: send [2,"aab04212-f7d4-4107-9ace-89ad7085d67c","Heartbeat",{}]
13:01:13 ocpp Q11-543204516334: receive message [3,"aab04212-f7d4-4107-9ace-89ad7085d67c",{"currentTime":"2026-09-25T11:01:13Z"}]
13:02:14 ocpp Q11-543204516334: send [2,"643f4693-b789-466d-b0dc-2832c82fe136","Heartbeat",{}]
13:02:14 ocpp Q11-543204516334: receive message [3,"643f4693-b789-466d-b0dc-2832c82fe136",{"currentTime":"2026-09-25T11:02:14Z"}]
13:03:14 ocpp Q11-543204516334: send [2,"160ff5c6-f939-4b6b-9286-2278cbebbdd0","Heartbeat",{}]
13:03:14 ocpp Q11-543204516334: receive message [3,"160ff5c6-f939-4b6b-9286-2278cbebbdd0",{"currentTime":"2026-09-25T11:03:14Z"}]
13:04:15 ocpp Q11-543204516334: send [2,"1cee18d3-b68c-49dc-899a-9b3ce8449535","Heartbeat",{}]
13:04:15 ocpp Q11-543204516334: receive message [3,"1cee18d3-b68c-49dc-899a-9b3ce8449535",{"currentTime":"2026-09-25T11:04:15Z"}]
13:05:15 ocpp Q11-543204516334: send [2,"54147a00-4abb-4324-942d-7de0d1c55b75","Heartbeat",{}]
13:05:15 ocpp Q11-543204516334: receive message [3,"54147a00-4abb-4324-942d-7de0d1c55b75",{"currentTime":"2026-09-25T11:05:15Z"}]
13:06:16 ocpp Q11-543204516334: send [2,"8d276004-2820-4df2-8346-38dc1171a774","Heartbeat",{}]
13:06:16 ocpp Q11-543204516334: receive message [3,"8d276004-2820-4df2-8346-38dc1171a774",{"currentTime":"2026-09-25T11:06:16Z"}]
13:07:16 ocpp Q11-543204516334: send [2,"c30b18d7-1860-4ee7-862b-754622846679","Heartbeat",{}]
13:07:16 ocpp Q11-543204516334: receive message [3,"c30b18d7-1860-4ee7-862b-754622846679",{"currentTime":"2026-09-25T11:07:16Z"}]
13:08:17 ocpp Q11-543204516334: send [2,"d46c7fc8-5b01-4a5c-93b0-56b660205c23","Heartbeat",{}]
13:08:17 ocpp Q11-543204516334: receive message [3,"d46c7fc8-5b01-4a5c-93b0-56b660205c23",{"currentTime":"2026-09-25T11:08:17Z"}]
13:09:17 ocpp Q11-543204516334: send [2,"50b6b0f3-acc5-41c0-886c-5739277dd6d6","Heartbeat",{}]
13:09:17 ocpp Q11-543204516334: receive message [3,"50b6b0f3-acc5-41c0-886c-5739277dd6d6",{"currentTime":"2026-09-25T11:09:17Z"}]
13:10:08 most DevKit: brak polaczenia (ConnectionClosedError(None, None, None)), ponawiam za 5 s
13:10:18 ocpp Q11-543204516334: send [2,"e86a287e-f302-440b-837c-56fed8ac6806","Heartbeat",{}]
13:10:18 ocpp Q11-543204516334: receive message [3,"e86a287e-f302-440b-837c-56fed8ac6806",{"currentTime":"2026-09-25T11:10:18Z"}]
13:10:23 most DevKit: brak polaczenia (TimeoutError('timed out during opening handshake')), ponawiam za 5 s
13:10:38 most DevKit: brak polaczenia (TimeoutError('timed out during opening handshake')), ponawiam za 5 s
13:10:53 most DevKit: brak polaczenia (TimeoutError('timed out during opening handshake')), ponawiam za 5 s
13:11:08 most DevKit: brak polaczenia (TimeoutError('timed out during opening handshake')), ponawiam za 5 s
13:11:18 ocpp Q11-543204516334: send [2,"75cf8a15-2cf6-4581-83f3-5976a0c8a3f4","Heartbeat",{}]
13:11:18 ocpp Q11-543204516334: receive message [3,"75cf8a15-2cf6-4581-83f3-5976a0c8a3f4",{"currentTime":"2026-09-25T11:11:18Z"}]
13:11:23 most DevKit: brak polaczenia (TimeoutError('timed out during opening handshake')), ponawiam za 5 s
13:11:38 most DevKit: brak polaczenia (TimeoutError('timed out during opening handshake')), ponawiam za 5 s
13:11:53 most DevKit: brak polaczenia (TimeoutError('timed out during opening handshake')), ponawiam za 5 s
13:12:08 most DevKit: brak polaczenia (TimeoutError('timed out during opening handshake')), ponawiam za 5 s
13:12:19 ocpp Q11-543204516334: send [2,"411acdd7-fc7b-462a-b17f-a1bd1c03ebe8","Heartbeat",{}]
13:12:19 ocpp Q11-543204516334: receive message [3,"411acdd7-fc7b-462a-b17f-a1bd1c03ebe8",{"currentTime":"2026-09-25T11:12:19Z"}]
13:12:23 most DevKit: brak polaczenia (TimeoutError('timed out during opening handshake')), ponawiam za 5 s
13:12:38 most DevKit: brak polaczenia (TimeoutError('timed out during opening handshake')), ponawiam za 5 s
13:12:53 most DevKit: brak polaczenia (TimeoutError('timed out during opening handshake')), ponawiam za 5 s
13:13:08 most DevKit: brak polaczenia (TimeoutError('timed out during opening handshake')), ponawiam za 5 s
13:13:19 ocpp Q11-543204516334: send [2,"7e039b79-e547-49a4-bd45-9cb7446b680a","Heartbeat",{}]
13:13:19 ocpp Q11-543204516334: receive message [3,"7e039b79-e547-49a4-bd45-9cb7446b680a",{"currentTime":"2026-09-25T11:13:19Z"}]
13:13:23 most DevKit: brak polaczenia (TimeoutError('timed out during opening handshake')), ponawiam za 5 s
13:13:38 most DevKit: brak polaczenia (TimeoutError('timed out during opening handshake')), ponawiam za 5 s
13:13:53 most DevKit: brak polaczenia (TimeoutError('timed out during opening handshake')), ponawiam za 5 s
13:14:08 most DevKit: brak polaczenia (TimeoutError('timed out during opening handshake')), ponawiam za 5 s
13:14:20 ocpp Q11-543204516334: send [2,"fb203d82-ce22-4da4-b660-4de9c13df58c","Heartbeat",{}]
13:14:20 ocpp Q11-543204516334: receive message [3,"fb203d82-ce22-4da4-b660-4de9c13df58c",{"currentTime":"2026-09-25T11:14:20Z"}]
13:14:23 most DevKit: brak polaczenia (TimeoutError('timed out during opening handshake')), ponawiam za 5 s
13:14:38 most DevKit: brak polaczenia (TimeoutError('timed out during opening handshake')), ponawiam za 5 s
13:14:53 most DevKit: brak polaczenia (TimeoutError('timed out during opening handshake')), ponawiam za 5 s
13:15:09 most DevKit: brak polaczenia (TimeoutError('timed out during opening handshake')), ponawiam za 5 s
13:15:21 ocpp Q11-543204516334: send [2,"3e623970-eeb9-403b-8fa0-0a1a7b404c42","Heartbeat",{}]
13:15:21 ocpp Q11-543204516334: receive message [3,"3e623970-eeb9-403b-8fa0-0a1a7b404c42",{"currentTime":"2026-09-25T11:15:21Z"}]
13:15:24 most DevKit: brak polaczenia (TimeoutError('timed out during opening handshake')), ponawiam za 5 s
13:15:39 most DevKit: brak polaczenia (TimeoutError('timed out during opening handshake')), ponawiam za 5 s
13:15:54 most DevKit: brak polaczenia (TimeoutError('timed out during opening handshake')), ponawiam za 5 s
13:16:09 most DevKit: brak polaczenia (TimeoutError('timed out during opening handshake')), ponawiam za 5 s
13:16:21 ocpp Q11-543204516334: send [2,"4c0c8f58-6cfe-4e7c-85cd-839b84f365cf","Heartbeat",{}]
13:16:21 ocpp Q11-543204516334: receive message [3,"4c0c8f58-6cfe-4e7c-85cd-839b84f365cf",{"currentTime":"2026-09-25T11:16:21Z"}]
13:16:24 most DevKit: brak polaczenia (TimeoutError('timed out during opening handshake')), ponawiam za 5 s
13:16:39 most DevKit: brak polaczenia (TimeoutError('timed out during opening handshake')), ponawiam za 5 s
13:16:54 most DevKit: brak polaczenia (TimeoutError('timed out during opening handshake')), ponawiam za 5 s
13:17:09 most DevKit: brak polaczenia (TimeoutError('timed out during opening handshake')), ponawiam za 5 s
13:17:22 ocpp Q11-543204516334: send [2,"bdf6d0ba-33fa-462b-b2f9-bc97b4fc9450","Heartbeat",{}]
13:17:22 ocpp Q11-543204516334: receive message [3,"bdf6d0ba-33fa-462b-b2f9-bc97b4fc9450",{"currentTime":"2026-09-25T11:17:22Z"}]
13:17:24 most DevKit: brak polaczenia (TimeoutError('timed out during opening handshake')), ponawiam za 5 s
13:17:39 most DevKit: brak polaczenia (TimeoutError('timed out during opening handshake')), ponawiam za 5 s
13:17:54 most DevKit: brak polaczenia (TimeoutError('timed out during opening handshake')), ponawiam za 5 s
13:18:09 most DevKit: brak polaczenia (TimeoutError('timed out during opening handshake')), ponawiam za 5 s
13:18:22 ocpp Q11-543204516334: send [2,"6c5ce1de-3557-4d6e-9091-b7b2c266f75e","Heartbeat",{}]
13:18:22 ocpp Q11-543204516334: receive message [3,"6c5ce1de-3557-4d6e-9091-b7b2c266f75e",{"currentTime":"2026-09-25T11:18:22Z"}]
13:18:24 most DevKit: brak polaczenia (TimeoutError('timed out during opening handshake')), ponawiam za 5 s
13:18:39 most DevKit: brak polaczenia (TimeoutError('timed out during opening handshake')), ponawiam za 5 s
13:18:54 most DevKit: brak polaczenia (TimeoutError('timed out during opening handshake')), ponawiam za 5 s
13:19:09 most DevKit: brak polaczenia (TimeoutError('timed out during opening handshake')), ponawiam za 5 s
13:19:23 ocpp Q11-543204516334: send [2,"9a09625c-a21d-411c-a49a-37c536b4c054","Heartbeat",{}]
13:19:23 ocpp Q11-543204516334: receive message [3,"9a09625c-a21d-411c-a49a-37c536b4c054",{"currentTime":"2026-09-25T11:19:23Z"}]
13:19:24 most DevKit: brak polaczenia (TimeoutError('timed out during opening handshake')), ponawiam za 5 s
13:19:39 most DevKit: brak polaczenia (TimeoutError('timed out during opening handshake')), ponawiam za 5 s
13:19:54 most DevKit: brak polaczenia (TimeoutError('timed out during opening handshake')), ponawiam za 5 s
13:20:09 most DevKit: brak polaczenia (TimeoutError('timed out during opening handshake')), ponawiam za 5 s
13:20:23 ocpp Q11-543204516334: send [2,"6200a5a1-bf15-40ea-881f-cbda5ded94bb","Heartbeat",{}]
13:20:23 ocpp Q11-543204516334: receive message [3,"6200a5a1-bf15-40ea-881f-cbda5ded94bb",{"currentTime":"2026-09-25T11:20:23Z"}]
13:20:24 most DevKit: brak polaczenia (TimeoutError('timed out during opening handshake')), ponawiam za 5 s
13:20:39 most DevKit: brak polaczenia (TimeoutError('timed out during opening handshake')), ponawiam za 5 s
13:20:54 most DevKit: brak polaczenia (TimeoutError('timed out during opening handshake')), ponawiam za 5 s
13:21:09 most DevKit: brak polaczenia (TimeoutError('timed out during opening handshake')), ponawiam za 5 s
13:21:24 ocpp Q11-543204516334: send [2,"a30fce9e-007c-4c98-bd38-52e6798dfed6","Heartbeat",{}]
13:21:24 ocpp Q11-543204516334: receive message [3,"a30fce9e-007c-4c98-bd38-52e6798dfed6",{"currentTime":"2026-09-25T11:21:24Z"}]
13:21:24 most DevKit: brak polaczenia (TimeoutError('timed out during opening handshake')), ponawiam za 5 s
13:21:39 most DevKit: brak polaczenia (TimeoutError('timed out during opening handshake')), ponawiam za 5 s
13:21:54 most DevKit: brak polaczenia (TimeoutError('timed out during opening handshake')), ponawiam za 5 s
13:22:09 most DevKit: brak polaczenia (TimeoutError('timed out during opening handshake')), ponawiam za 5 s
13:22:24 most DevKit: brak polaczenia (TimeoutError('timed out during opening handshake')), ponawiam za 5 s
13:22:24 ocpp Q11-543204516334: send [2,"84dcefb5-4a11-4a2c-8d16-5963a46471e8","Heartbeat",{}]
13:22:24 ocpp Q11-543204516334: receive message [3,"84dcefb5-4a11-4a2c-8d16-5963a46471e8",{"currentTime":"2026-09-25T11:22:24Z"}]
13:22:39 most DevKit: brak polaczenia (TimeoutError('timed out during opening handshake')), ponawiam za 5 s
13:22:54 most DevKit: brak polaczenia (TimeoutError('timed out during opening handshake')), ponawiam za 5 s
13:23:09 most DevKit: brak polaczenia (TimeoutError('timed out during opening handshake')), ponawiam za 5 s
13:23:24 most DevKit: brak polaczenia (TimeoutError('timed out during opening handshake')), ponawiam za 5 s
13:23:25 ocpp Q11-543204516334: send [2,"d7db1240-b813-4063-8332-3485d6819c8c","Heartbeat",{}]
13:23:25 ocpp Q11-543204516334: receive message [3,"d7db1240-b813-4063-8332-3485d6819c8c",{"currentTime":"2026-09-25T11:23:25Z"}]
13:23:39 most DevKit: brak polaczenia (TimeoutError('timed out during opening handshake')), ponawiam za 5 s
13:23:54 most DevKit: brak polaczenia (TimeoutError('timed out during opening handshake')), ponawiam za 5 s
13:24:09 most DevKit: brak polaczenia (TimeoutError('timed out during opening handshake')), ponawiam za 5 s
13:24:24 most DevKit: brak polaczenia (TimeoutError('timed out during opening handshake')), ponawiam za 5 s
13:24:25 ocpp Q11-543204516334: send [2,"497392e7-9b76-4bc6-896c-ecf87065b01f","Heartbeat",{}]
13:24:25 ocpp Q11-543204516334: receive message [3,"497392e7-9b76-4bc6-896c-ecf87065b01f",{"currentTime":"2026-09-25T11:24:25Z"}]
13:24:39 most DevKit: brak polaczenia (TimeoutError('timed out during opening handshake')), ponawiam za 5 s
13:24:54 most DevKit: brak polaczenia (TimeoutError('timed out during opening handshake')), ponawiam za 5 s
13:25:09 most DevKit: brak polaczenia (TimeoutError('timed out during opening handshake')), ponawiam za 5 s
13:25:24 most DevKit: brak polaczenia (TimeoutError('timed out during opening handshake')), ponawiam za 5 s
13:25:26 ocpp Q11-543204516334: send [2,"0f91451b-3432-4f03-9a34-7f6489b29220","Heartbeat",{}]
13:25:26 ocpp Q11-543204516334: receive message [3,"0f91451b-3432-4f03-9a34-7f6489b29220",{"currentTime":"2026-09-25T11:25:26Z"}]
13:25:39 most DevKit: brak polaczenia (TimeoutError('timed out during opening handshake')), ponawiam za 5 s
13:25:54 most DevKit: brak polaczenia (TimeoutError('timed out during opening handshake')), ponawiam za 5 s
13:26:09 most DevKit: brak polaczenia (TimeoutError('timed out during opening handshake')), ponawiam za 5 s
13:26:24 most DevKit: brak polaczenia (TimeoutError('timed out during opening handshake')), ponawiam za 5 s
13:26:26 ocpp Q11-543204516334: send [2,"c0e51095-0594-4d10-bca9-b5b83c04d3c4","Heartbeat",{}]
13:26:26 ocpp Q11-543204516334: receive message [3,"c0e51095-0594-4d10-bca9-b5b83c04d3c4",{"currentTime":"2026-09-25T11:26:26Z"}]
13:26:39 most DevKit: brak polaczenia (TimeoutError('timed out during opening handshake')), ponawiam za 5 s
13:26:54 most DevKit: brak polaczenia (TimeoutError('timed out during opening handshake')), ponawiam za 5 s
13:27:09 most DevKit: brak polaczenia (TimeoutError('timed out during opening handshake')), ponawiam za 5 s
13:27:24 most DevKit: brak polaczenia (TimeoutError('timed out during opening handshake')), ponawiam za 5 s
13:27:27 ocpp Q11-543204516334: send [2,"4bb30b0e-ea50-416b-a45a-b283d034a319","Heartbeat",{}]
13:27:27 ocpp Q11-543204516334: receive message [3,"4bb30b0e-ea50-416b-a45a-b283d034a319",{"currentTime":"2026-09-25T11:27:27Z"}]
13:27:39 most DevKit: brak polaczenia (TimeoutError('timed out during opening handshake')), ponawiam za 5 s
13:27:54 most DevKit: brak polaczenia (TimeoutError('timed out during opening handshake')), ponawiam za 5 s
13:28:09 most DevKit: brak polaczenia (TimeoutError('timed out during opening handshake')), ponawiam za 5 s
13:28:24 most DevKit: brak polaczenia (TimeoutError('timed out during opening handshake')), ponawiam za 5 s
13:28:27 ocpp Q11-543204516334: send [2,"85119964-cf59-4a15-80b0-747c50d93c24","Heartbeat",{}]
13:28:27 ocpp Q11-543204516334: receive message [3,"85119964-cf59-4a15-80b0-747c50d93c24",{"currentTime":"2026-09-25T11:28:27Z"}]
13:28:39 most DevKit: brak polaczenia (TimeoutError('timed out during opening handshake')), ponawiam za 5 s
13:28:54 most DevKit: brak polaczenia (TimeoutError('timed out during opening handshake')), ponawiam za 5 s
13:29:09 most DevKit: brak polaczenia (TimeoutError('timed out during opening handshake')), ponawiam za 5 s
13:29:25 most DevKit: brak polaczenia (TimeoutError('timed out during opening handshake')), ponawiam za 5 s
13:29:28 ocpp Q11-543204516334: send [2,"512c4ffa-3179-4bf0-bf81-4eeffa1ce3de","Heartbeat",{}]
13:29:28 ocpp Q11-543204516334: receive message [3,"512c4ffa-3179-4bf0-bf81-4eeffa1ce3de",{"currentTime":"2026-09-25T11:29:28Z"}]
13:29:40 most DevKit: brak polaczenia (TimeoutError('timed out during opening handshake')), ponawiam za 5 s
13:29:55 most DevKit: brak polaczenia (TimeoutError('timed out during opening handshake')), ponawiam za 5 s
13:30:10 most DevKit: brak polaczenia (TimeoutError('timed out during opening handshake')), ponawiam za 5 s
13:30:25 most DevKit: brak polaczenia (TimeoutError('timed out during opening handshake')), ponawiam za 5 s
13:30:28 ocpp Q11-543204516334: send [2,"1a6debe2-d132-437c-ba99-a65a9d09f562","Heartbeat",{}]
13:30:28 ocpp Q11-543204516334: receive message [3,"1a6debe2-d132-437c-ba99-a65a9d09f562",{"currentTime":"2026-09-25T11:30:28Z"}]
13:30:40 most DevKit: brak polaczenia (TimeoutError('timed out during opening handshake')), ponawiam za 5 s
13:30:55 most DevKit: brak polaczenia (TimeoutError('timed out during opening handshake')), ponawiam za 5 s
13:31:10 most DevKit: brak polaczenia (TimeoutError('timed out during opening handshake')), ponawiam za 5 s
13:31:25 most DevKit: brak polaczenia (TimeoutError('timed out during opening handshake')), ponawiam za 5 s
13:31:28 ocpp Q11-543204516334: send [2,"93c703c9-160a-4cc6-a162-05318870124e","Heartbeat",{}]
13:31:28 ocpp Q11-543204516334: receive message [3,"93c703c9-160a-4cc6-a162-05318870124e",{"currentTime":"2026-09-25T11:31:28Z"}]
13:31:40 most DevKit: brak polaczenia (TimeoutError('timed out during opening handshake')), ponawiam za 5 s
13:31:55 most DevKit: brak polaczenia (TimeoutError('timed out during opening handshake')), ponawiam za 5 s
13:32:10 most DevKit: brak polaczenia (TimeoutError('timed out during opening handshake')), ponawiam za 5 s
13:32:25 most DevKit: brak polaczenia (TimeoutError('timed out during opening handshake')), ponawiam za 5 s
13:32:29 ocpp Q11-543204516334: send [2,"78840d33-02a3-48ae-b39a-5bdc280b54fe","Heartbeat",{}]
13:32:29 ocpp Q11-543204516334: receive message [3,"78840d33-02a3-48ae-b39a-5bdc280b54fe",{"currentTime":"2026-09-25T11:32:29Z"}]
13:32:40 most DevKit: brak polaczenia (TimeoutError('timed out during opening handshake')), ponawiam za 5 s
13:32:55 most DevKit: brak polaczenia (TimeoutError('timed out during opening handshake')), ponawiam za 5 s
13:33:10 most DevKit: brak polaczenia (TimeoutError('timed out during opening handshake')), ponawiam za 5 s
13:33:25 most DevKit: brak polaczenia (TimeoutError('timed out during opening handshake')), ponawiam za 5 s
13:33:30 ocpp Q11-543204516334: send [2,"920e2a66-2fdf-4b24-8d7a-90a4dca959a2","Heartbeat",{}]
13:33:30 ocpp Q11-543204516334: receive message [3,"920e2a66-2fdf-4b24-8d7a-90a4dca959a2",{"currentTime":"2026-09-25T11:33:30Z"}]
13:33:40 most DevKit: brak polaczenia (TimeoutError('timed out during opening handshake')), ponawiam za 5 s
13:33:55 most DevKit: brak polaczenia (TimeoutError('timed out during opening handshake')), ponawiam za 5 s
13:34:10 most DevKit: brak polaczenia (TimeoutError('timed out during opening handshake')), ponawiam za 5 s
13:34:25 most DevKit: brak polaczenia (TimeoutError('timed out during opening handshake')), ponawiam za 5 s
13:34:30 ocpp Q11-543204516334: send [2,"58093f3c-286f-4d18-9ff8-4a05467335d2","Heartbeat",{}]
13:34:30 ocpp Q11-543204516334: receive message [3,"58093f3c-286f-4d18-9ff8-4a05467335d2",{"currentTime":"2026-09-25T11:34:30Z"}]
13:34:40 most DevKit: brak polaczenia (TimeoutError('timed out during opening handshake')), ponawiam za 5 s
13:34:55 most DevKit: brak polaczenia (TimeoutError('timed out during opening handshake')), ponawiam za 5 s
13:35:10 most DevKit: brak polaczenia (TimeoutError('timed out during opening handshake')), ponawiam za 5 s
13:35:16 most DevKit polaczony: stan charger_free, ladowanie True, limit 12 A, czas DevKitu 13:35
13:35:31 ocpp Q11-543204516334: send [2,"aa04c041-a56c-44c6-9a40-f1451e80b4e1","Heartbeat",{}]
13:35:31 ocpp Q11-543204516334: receive message [3,"aa04c041-a56c-44c6-9a40-f1451e80b4e1",{"currentTime":"2026-09-25T11:35:31Z"}]
13:36:31 ocpp Q11-543204516334: send [2,"f44a3867-91a4-448e-83b1-04fd09ff93f5","Heartbeat",{}]
13:36:31 ocpp Q11-543204516334: receive message [3,"f44a3867-91a4-448e-83b1-04fd09ff93f5",{"currentTime":"2026-09-25T11:36:31Z"}]
13:37:31 ocpp Q11-543204516334: send [2,"3fa036f7-0d51-44cf-a96d-4bf5a13ce21d","Heartbeat",{}]
13:37:32 ocpp Q11-543204516334: receive message [3,"3fa036f7-0d51-44cf-a96d-4bf5a13ce21d",{"currentTime":"2026-09-25T11:37:32Z"}]
13:38:32 ocpp Q11-543204516334: send [2,"f93710b2-cd2b-4d8c-a9ea-ad0b269abfdc","Heartbeat",{}]
13:38:32 ocpp Q11-543204516334: receive message [3,"f93710b2-cd2b-4d8c-a9ea-ad0b269abfdc",{"currentTime":"2026-09-25T11:38:32Z"}]
13:39:33 ocpp Q11-543204516334: send [2,"ddc40d1d-3688-4645-87e3-0abd52c5564f","Heartbeat",{}]
13:39:33 ocpp Q11-543204516334: receive message [3,"ddc40d1d-3688-4645-87e3-0abd52c5564f",{"currentTime":"2026-09-25T11:39:33Z"}]
13:40:33 ocpp Q11-543204516334: send [2,"cfad85f4-7362-427f-a8ba-3960e9b5bbde","Heartbeat",{}]
13:40:33 ocpp Q11-543204516334: receive message [3,"cfad85f4-7362-427f-a8ba-3960e9b5bbde",{"currentTime":"2026-09-25T11:40:33Z"}]
13:41:34 ocpp Q11-543204516334: send [2,"62317fe2-1428-4411-ad60-ccbe9cfe98f2","Heartbeat",{}]
13:41:34 ocpp Q11-543204516334: receive message [3,"62317fe2-1428-4411-ad60-ccbe9cfe98f2",{"currentTime":"2026-09-25T11:41:34Z"}]
13:42:34 ocpp Q11-543204516334: send [2,"447706f3-34e0-4d9d-8428-519f31a5fc32","Heartbeat",{}]
13:42:34 ocpp Q11-543204516334: receive message [3,"447706f3-34e0-4d9d-8428-519f31a5fc32",{"currentTime":"2026-09-25T11:42:34Z"}]
13:43:35 ocpp Q11-543204516334: send [2,"390c961a-c32a-4669-845a-eeecb7113820","Heartbeat",{}]
13:43:35 ocpp Q11-543204516334: receive message [3,"390c961a-c32a-4669-845a-eeecb7113820",{"currentTime":"2026-09-25T11:43:35Z"}]
13:44:35 ocpp Q11-543204516334: send [2,"0a4665f7-ab6d-4240-81e2-8e0b3ca11834","Heartbeat",{}]
13:44:35 ocpp Q11-543204516334: receive message [3,"0a4665f7-ab6d-4240-81e2-8e0b3ca11834",{"currentTime":"2026-09-25T11:44:35Z"}]
13:45:36 ocpp Q11-543204516334: send [2,"b5aca935-9bcd-40bd-8f1b-8cc906c012ea","Heartbeat",{}]
13:45:36 ocpp Q11-543204516334: receive message [3,"b5aca935-9bcd-40bd-8f1b-8cc906c012ea",{"currentTime":"2026-09-25T11:45:36Z"}]
13:46:36 ocpp Q11-543204516334: send [2,"0985aa15-bb93-4456-9603-992c2fc8fb42","Heartbeat",{}]
13:46:36 ocpp Q11-543204516334: receive message [3,"0985aa15-bb93-4456-9603-992c2fc8fb42",{"currentTime":"2026-09-25T11:46:36Z"}]
13:47:37 ocpp Q11-543204516334: send [2,"a3cd2880-e5df-4520-9869-60a6d9d15d5a","Heartbeat",{}]
13:47:37 ocpp Q11-543204516334: receive message [3,"a3cd2880-e5df-4520-9869-60a6d9d15d5a",{"currentTime":"2026-09-25T11:47:37Z"}]
13:48:37 ocpp Q11-543204516334: send [2,"9c2716d7-083d-4854-8195-02f3a36e72f0","Heartbeat",{}]
13:48:37 ocpp Q11-543204516334: receive message [3,"9c2716d7-083d-4854-8195-02f3a36e72f0",{"currentTime":"2026-09-25T11:48:37Z"}]
13:49:38 ocpp Q11-543204516334: send [2,"2b948fe2-ec0f-434d-a537-cd6fcb346c97","Heartbeat",{}]
13:49:38 ocpp Q11-543204516334: receive message [3,"2b948fe2-ec0f-434d-a537-cd6fcb346c97",{"currentTime":"2026-09-25T11:49:38Z"}]
13:50:38 ocpp Q11-543204516334: send [2,"9ec75eb0-692b-4241-8a1f-de44c2819ed2","Heartbeat",{}]
13:50:38 ocpp Q11-543204516334: receive message [3,"9ec75eb0-692b-4241-8a1f-de44c2819ed2",{"currentTime":"2026-09-25T11:50:38Z"}]
13:51:39 ocpp Q11-543204516334: send [2,"a4f258ee-b439-4432-9d89-f4cc61d7dfff","Heartbeat",{}]
13:51:39 ocpp Q11-543204516334: receive message [3,"a4f258ee-b439-4432-9d89-f4cc61d7dfff",{"currentTime":"2026-09-25T11:51:39Z"}]
13:52:39 ocpp Q11-543204516334: send [2,"c2f83aec-e51f-4e9b-9919-4fce1d94a38a","Heartbeat",{}]
13:52:39 ocpp Q11-543204516334: receive message [3,"c2f83aec-e51f-4e9b-9919-4fce1d94a38a",{"currentTime":"2026-09-25T11:52:39Z"}]
13:53:40 ocpp Q11-543204516334: send [2,"2ad66794-3b62-4532-b95b-cb8347df4767","Heartbeat",{}]
13:53:40 ocpp Q11-543204516334: receive message [3,"2ad66794-3b62-4532-b95b-cb8347df4767",{"currentTime":"2026-09-25T11:53:40Z"}]
13:54:41 ocpp Q11-543204516334: send [2,"78df1a39-602a-4a98-935b-cdff97b0e6b4","Heartbeat",{}]
13:54:41 ocpp Q11-543204516334: receive message [3,"78df1a39-602a-4a98-935b-cdff97b0e6b4",{"currentTime":"2026-09-25T11:54:41Z"}]
13:55:41 ocpp Q11-543204516334: send [2,"d60ff14c-9dab-45be-8eca-c32c919c988b","Heartbeat",{}]
13:55:41 ocpp Q11-543204516334: receive message [3,"d60ff14c-9dab-45be-8eca-c32c919c988b",{"currentTime":"2026-09-25T11:55:41Z"}]
13:56:42 ocpp Q11-543204516334: send [2,"db6669e3-89f0-4675-b19b-3b3e01a42bc1","Heartbeat",{}]
13:56:42 ocpp Q11-543204516334: receive message [3,"db6669e3-89f0-4675-b19b-3b3e01a42bc1",{"currentTime":"2026-09-25T11:56:42Z"}]
13:57:42 ocpp Q11-543204516334: send [2,"13a0aa74-9209-418c-9bab-f1661dc7be84","Heartbeat",{}]
13:57:42 ocpp Q11-543204516334: receive message [3,"13a0aa74-9209-418c-9bab-f1661dc7be84",{"currentTime":"2026-09-25T11:57:42Z"}]
13:58:43 ocpp Q11-543204516334: send [2,"c3823f95-345b-4889-b141-ea3bf5fe3fa9","Heartbeat",{}]
13:58:43 ocpp Q11-543204516334: receive message [3,"c3823f95-345b-4889-b141-ea3bf5fe3fa9",{"currentTime":"2026-09-25T11:58:43Z"}]
13:59:43 ocpp Q11-543204516334: send [2,"5b795a2e-8b4a-43e3-8f71-c2b598e40b9a","Heartbeat",{}]
13:59:43 ocpp Q11-543204516334: receive message [3,"5b795a2e-8b4a-43e3-8f71-c2b598e40b9a",{"currentTime":"2026-09-25T11:59:43Z"}]
14:00:44 ocpp Q11-543204516334: send [2,"c7fbc236-0970-4a13-84b5-4ed97e708804","Heartbeat",{}]
14:00:44 ocpp Q11-543204516334: receive message [3,"c7fbc236-0970-4a13-84b5-4ed97e708804",{"currentTime":"2026-09-25T12:00:44Z"}]
14:01:44 ocpp Q11-543204516334: send [2,"038aa6c7-ae39-48ea-b788-11ff75a9e296","Heartbeat",{}]
14:01:44 ocpp Q11-543204516334: receive message [3,"038aa6c7-ae39-48ea-b788-11ff75a9e296",{"currentTime":"2026-09-25T12:01:44Z"}]
14:02:45 ocpp Q11-543204516334: send [2,"7ac31fa0-7135-4202-b832-1bf6b8300eb5","Heartbeat",{}]
14:02:45 ocpp Q11-543204516334: receive message [3,"7ac31fa0-7135-4202-b832-1bf6b8300eb5",{"currentTime":"2026-09-25T12:02:45Z"}]
14:03:45 ocpp Q11-543204516334: send [2,"b1603f2d-cc19-4816-a04b-d1d515126a87","Heartbeat",{}]
14:03:45 ocpp Q11-543204516334: receive message [3,"b1603f2d-cc19-4816-a04b-d1d515126a87",{"currentTime":"2026-09-25T12:03:45Z"}]
14:04:46 ocpp Q11-543204516334: send [2,"33f46532-0f0a-4d0c-9723-d02113c3a811","Heartbeat",{}]
14:04:46 ocpp Q11-543204516334: receive message [3,"33f46532-0f0a-4d0c-9723-d02113c3a811",{"currentTime":"2026-09-25T12:04:46Z"}]
14:05:46 ocpp Q11-543204516334: send [2,"54b5e57e-106e-45fa-a0bb-507a544c48ea","Heartbeat",{}]
14:05:46 ocpp Q11-543204516334: receive message [3,"54b5e57e-106e-45fa-a0bb-507a544c48ea",{"currentTime":"2026-09-25T12:05:46Z"}]
14:06:47 ocpp Q11-543204516334: send [2,"f295eb1a-c874-4ad8-9a9e-375b9e5552ec","Heartbeat",{}]
14:06:47 ocpp Q11-543204516334: receive message [3,"f295eb1a-c874-4ad8-9a9e-375b9e5552ec",{"currentTime":"2026-09-25T12:06:47Z"}]
14:07:47 ocpp Q11-543204516334: send [2,"204e2b13-3cf3-46c4-804c-10bb3c934eb1","Heartbeat",{}]
14:07:47 ocpp Q11-543204516334: receive message [3,"204e2b13-3cf3-46c4-804c-10bb3c934eb1",{"currentTime":"2026-09-25T12:07:47Z"}]
14:08:48 ocpp Q11-543204516334: send [2,"25bba3e6-95e4-4fae-af49-9cc71dd5fefd","Heartbeat",{}]
14:08:48 ocpp Q11-543204516334: receive message [3,"25bba3e6-95e4-4fae-af49-9cc71dd5fefd",{"currentTime":"2026-09-25T12:08:48Z"}]
14:09:48 ocpp Q11-543204516334: send [2,"99ccf3ec-d373-4595-9ec9-8d9a07fcfbff","Heartbeat",{}]
14:09:48 ocpp Q11-543204516334: receive message [3,"99ccf3ec-d373-4595-9ec9-8d9a07fcfbff",{"currentTime":"2026-09-25T12:09:48Z"}]
14:10:49 ocpp Q11-543204516334: send [2,"127d12e0-ecf7-43ba-a93e-72624b8f4939","Heartbeat",{}]
14:10:49 ocpp Q11-543204516334: receive message [3,"127d12e0-ecf7-43ba-a93e-72624b8f4939",{"currentTime":"2026-09-25T12:10:49Z"}]
14:11:49 ocpp Q11-543204516334: send [2,"a2e22ac0-0792-472e-b192-38a6657b5205","Heartbeat",{}]
14:11:49 ocpp Q11-543204516334: receive message [3,"a2e22ac0-0792-472e-b192-38a6657b5205",{"currentTime":"2026-09-25T12:11:49Z"}]
14:12:50 ocpp Q11-543204516334: send [2,"3d9fdc40-7148-4921-a339-7ca9474f6aa9","Heartbeat",{}]
14:12:50 ocpp Q11-543204516334: receive message [3,"3d9fdc40-7148-4921-a339-7ca9474f6aa9",{"currentTime":"2026-09-25T12:12:50Z"}]
14:13:50 ocpp Q11-543204516334: send [2,"54539e04-c505-4726-89d2-ead9f0495617","Heartbeat",{}]
14:13:50 ocpp Q11-543204516334: receive message [3,"54539e04-c505-4726-89d2-ead9f0495617",{"currentTime":"2026-09-25T12:13:50Z"}]
14:14:51 ocpp Q11-543204516334: send [2,"495fc490-5398-4b36-a962-84157224f672","Heartbeat",{}]
14:14:51 ocpp Q11-543204516334: receive message [3,"495fc490-5398-4b36-a962-84157224f672",{"currentTime":"2026-09-25T12:14:51Z"}]
14:15:51 ocpp Q11-543204516334: send [2,"549b624c-78d5-45d8-b2ca-14bd361258b2","Heartbeat",{}]
14:15:51 ocpp Q11-543204516334: receive message [3,"549b624c-78d5-45d8-b2ca-14bd361258b2",{"currentTime":"2026-09-25T12:15:51Z"}]
14:16:51 ocpp Q11-543204516334: send [2,"9db32aa7-e768-4fdf-8bf2-e28f66b55d07","Heartbeat",{}]
14:16:51 ocpp Q11-543204516334: receive message [3,"9db32aa7-e768-4fdf-8bf2-e28f66b55d07",{"currentTime":"2026-09-25T12:16:51Z"}]
14:17:52 ocpp Q11-543204516334: send [2,"c5bc2b84-bbc8-4ce5-a800-1a2eced2fbb4","Heartbeat",{}]
14:17:52 ocpp Q11-543204516334: receive message [3,"c5bc2b84-bbc8-4ce5-a800-1a2eced2fbb4",{"currentTime":"2026-09-25T12:17:52Z"}]
14:18:52 ocpp Q11-543204516334: send [2,"9b18e6ee-7dc5-4f79-814d-9bd9a9c00c96","Heartbeat",{}]
14:18:52 ocpp Q11-543204516334: receive message [3,"9b18e6ee-7dc5-4f79-814d-9bd9a9c00c96",{"currentTime":"2026-09-25T12:18:52Z"}]
14:19:53 ocpp Q11-543204516334: send [2,"dc22d459-fa6f-4157-82ec-11b025584a5e","Heartbeat",{}]
14:19:53 ocpp Q11-543204516334: receive message [3,"dc22d459-fa6f-4157-82ec-11b025584a5e",{"currentTime":"2026-09-25T12:19:53Z"}]
14:20:53 ocpp Q11-543204516334: send [2,"c6dda88e-a0d8-49b5-b7e7-f2dd744be230","Heartbeat",{}]
14:20:53 ocpp Q11-543204516334: receive message [3,"c6dda88e-a0d8-49b5-b7e7-f2dd744be230",{"currentTime":"2026-09-25T12:20:53Z"}]
14:21:54 ocpp Q11-543204516334: send [2,"87959cd0-4a1d-42bd-b0c3-622ca9d501a6","Heartbeat",{}]
14:21:54 ocpp Q11-543204516334: receive message [3,"87959cd0-4a1d-42bd-b0c3-622ca9d501a6",{"currentTime":"2026-09-25T12:21:54Z"}]
14:22:54 ocpp Q11-543204516334: send [2,"58c48145-e881-4513-b967-30751475ebb8","Heartbeat",{}]
14:22:54 ocpp Q11-543204516334: receive message [3,"58c48145-e881-4513-b967-30751475ebb8",{"currentTime":"2026-09-25T12:22:54Z"}]
14:23:55 ocpp Q11-543204516334: send [2,"7af4011a-aa4d-402b-a436-528477421c87","Heartbeat",{}]
14:23:55 ocpp Q11-543204516334: receive message [3,"7af4011a-aa4d-402b-a436-528477421c87",{"currentTime":"2026-09-25T12:23:55Z"}]
14:24:55 ocpp Q11-543204516334: send [2,"7f73fc3e-e4be-43ad-982b-ac851ab3387c","Heartbeat",{}]
14:24:55 ocpp Q11-543204516334: receive message [3,"7f73fc3e-e4be-43ad-982b-ac851ab3387c",{"currentTime":"2026-09-25T12:24:55Z"}]
14:25:56 ocpp Q11-543204516334: send [2,"2ee6f63c-eca9-447c-a4e8-6fdf9267ec1a","Heartbeat",{}]
14:25:56 ocpp Q11-543204516334: receive message [3,"2ee6f63c-eca9-447c-a4e8-6fdf9267ec1a",{"currentTime":"2026-09-25T12:25:56Z"}]
14:26:56 ocpp Q11-543204516334: send [2,"18cff670-1187-407b-a00d-5158e21488bb","Heartbeat",{}]
14:26:56 ocpp Q11-543204516334: receive message [3,"18cff670-1187-407b-a00d-5158e21488bb",{"currentTime":"2026-09-25T12:26:56Z"}]
14:27:57 ocpp Q11-543204516334: send [2,"547a1fa0-732d-4ebc-9a15-747c60dbf77e","Heartbeat",{}]
14:27:57 ocpp Q11-543204516334: receive message [3,"547a1fa0-732d-4ebc-9a15-747c60dbf77e",{"currentTime":"2026-09-25T12:27:57Z"}]
14:28:57 ocpp Q11-543204516334: send [2,"0d297a1c-2567-4792-8b50-7f41cde56fc5","Heartbeat",{}]
14:28:57 ocpp Q11-543204516334: receive message [3,"0d297a1c-2567-4792-8b50-7f41cde56fc5",{"currentTime":"2026-09-25T12:28:57Z"}]
14:29:57 ocpp Q11-543204516334: send [2,"93afa005-d277-4841-95be-0866fa892969","Heartbeat",{}]
14:29:57 ocpp Q11-543204516334: receive message [3,"93afa005-d277-4841-95be-0866fa892969",{"currentTime":"2026-09-25T12:29:57Z"}]
14:30:58 ocpp Q11-543204516334: send [2,"18a52806-eecf-4f05-b507-05c29aaf2a7e","Heartbeat",{}]
14:30:58 ocpp Q11-543204516334: receive message [3,"18a52806-eecf-4f05-b507-05c29aaf2a7e",{"currentTime":"2026-09-25T12:30:58Z"}]
14:31:58 ocpp Q11-543204516334: send [2,"104f754e-0f58-4413-a7e1-2b389c0a7069","Heartbeat",{}]
14:31:58 ocpp Q11-543204516334: receive message [3,"104f754e-0f58-4413-a7e1-2b389c0a7069",{"currentTime":"2026-09-25T12:31:58Z"}]
14:32:59 ocpp Q11-543204516334: send [2,"632589fb-009c-44dd-8200-423d4fbc6a3a","Heartbeat",{}]
14:32:59 ocpp Q11-543204516334: receive message [3,"632589fb-009c-44dd-8200-423d4fbc6a3a",{"currentTime":"2026-09-25T12:32:59Z"}]
14:33:59 ocpp Q11-543204516334: send [2,"6cccfe4a-9111-4907-8ae0-e4986970b9e2","Heartbeat",{}]
14:33:59 ocpp Q11-543204516334: receive message [3,"6cccfe4a-9111-4907-8ae0-e4986970b9e2",{"currentTime":"2026-09-25T12:33:59Z"}]
14:35:00 ocpp Q11-543204516334: send [2,"dbb6f139-22fc-4a66-bf9f-fe90a6b64077","Heartbeat",{}]
14:35:00 ocpp Q11-543204516334: receive message [3,"dbb6f139-22fc-4a66-bf9f-fe90a6b64077",{"currentTime":"2026-09-25T12:35:00Z"}]
14:36:00 ocpp Q11-543204516334: send [2,"da256883-4f7e-42e7-a695-d1e2e3356864","Heartbeat",{}]
14:36:00 ocpp Q11-543204516334: receive message [3,"da256883-4f7e-42e7-a695-d1e2e3356864",{"currentTime":"2026-09-25T12:36:00Z"}]
14:37:01 ocpp Q11-543204516334: send [2,"5f118032-5425-4573-a3e5-0f93678e082d","Heartbeat",{}]
14:37:01 ocpp Q11-543204516334: receive message [3,"5f118032-5425-4573-a3e5-0f93678e082d",{"currentTime":"2026-09-25T12:37:01Z"}]
14:38:01 ocpp Q11-543204516334: send [2,"b6f03946-7fa1-400f-92c6-06b1c123080d","Heartbeat",{}]
14:38:01 ocpp Q11-543204516334: receive message [3,"b6f03946-7fa1-400f-92c6-06b1c123080d",{"currentTime":"2026-09-25T12:38:01Z"}]
14:39:02 ocpp Q11-543204516334: send [2,"43a51ba2-1829-4b55-9aa6-d919e9152ccf","Heartbeat",{}]
14:39:02 ocpp Q11-543204516334: receive message [3,"43a51ba2-1829-4b55-9aa6-d919e9152ccf",{"currentTime":"2026-09-25T12:39:02Z"}]
14:40:02 ocpp Q11-543204516334: send [2,"9ca7732a-e88b-4cdd-8b93-c861244deef4","Heartbeat",{}]
14:40:02 ocpp Q11-543204516334: receive message [3,"9ca7732a-e88b-4cdd-8b93-c861244deef4",{"currentTime":"2026-09-25T12:40:02Z"}]
14:41:02 ocpp Q11-543204516334: send [2,"bdaa3b13-44a6-4257-804b-fb9e3cdd68cf","Heartbeat",{}]
14:41:02 ocpp Q11-543204516334: receive message [3,"bdaa3b13-44a6-4257-804b-fb9e3cdd68cf",{"currentTime":"2026-09-25T12:41:02Z"}]
14:42:03 ocpp Q11-543204516334: send [2,"35a379da-03bb-4a93-98b9-3932e44c54e6","Heartbeat",{}]
14:42:03 ocpp Q11-543204516334: receive message [3,"35a379da-03bb-4a93-98b9-3932e44c54e6",{"currentTime":"2026-09-25T12:42:03Z"}]
14:43:03 ocpp Q11-543204516334: send [2,"2105068f-f85d-43e8-a8da-d1225bfc8066","Heartbeat",{}]
14:43:03 ocpp Q11-543204516334: receive message [3,"2105068f-f85d-43e8-a8da-d1225bfc8066",{"currentTime":"2026-09-25T12:43:03Z"}]
14:44:04 ocpp Q11-543204516334: send [2,"c0f99322-6bda-4d6f-9f83-e49e33039998","Heartbeat",{}]
14:44:04 ocpp Q11-543204516334: receive message [3,"c0f99322-6bda-4d6f-9f83-e49e33039998",{"currentTime":"2026-09-25T12:44:04Z"}]
14:45:04 ocpp Q11-543204516334: send [2,"19e52ac1-0e62-435e-924d-c916fb6d8fc6","Heartbeat",{}]
14:45:04 ocpp Q11-543204516334: receive message [3,"19e52ac1-0e62-435e-924d-c916fb6d8fc6",{"currentTime":"2026-09-25T12:45:04Z"}]
14:46:05 ocpp Q11-543204516334: send [2,"f42855c7-268b-405d-ac86-e4908926ebb4","Heartbeat",{}]
14:46:05 ocpp Q11-543204516334: receive message [3,"f42855c7-268b-405d-ac86-e4908926ebb4",{"currentTime":"2026-09-25T12:46:05Z"}]
14:47:05 ocpp Q11-543204516334: send [2,"ae15a0d7-0786-4da2-99c7-2fd710615803","Heartbeat",{}]
14:47:05 ocpp Q11-543204516334: receive message [3,"ae15a0d7-0786-4da2-99c7-2fd710615803",{"currentTime":"2026-09-25T12:47:05Z"}]
14:48:06 ocpp Q11-543204516334: send [2,"266afdea-038b-4bf0-a4fd-0883c0e7de7c","Heartbeat",{}]
14:48:06 ocpp Q11-543204516334: receive message [3,"266afdea-038b-4bf0-a4fd-0883c0e7de7c",{"currentTime":"2026-09-25T12:48:06Z"}]
14:49:06 ocpp Q11-543204516334: send [2,"00c94b74-61bb-4118-b632-ff8718bd39b1","Heartbeat",{}]
14:49:06 ocpp Q11-543204516334: receive message [3,"00c94b74-61bb-4118-b632-ff8718bd39b1",{"currentTime":"2026-09-25T12:49:06Z"}]
14:50:07 ocpp Q11-543204516334: send [2,"b423e6e7-ecae-468b-be7b-717bc1cc45ca","Heartbeat",{}]
14:50:07 ocpp Q11-543204516334: receive message [3,"b423e6e7-ecae-468b-be7b-717bc1cc45ca",{"currentTime":"2026-09-25T12:50:07Z"}]
14:51:07 ocpp Q11-543204516334: send [2,"fdc033c5-7a86-437c-b2fe-516f5d5461ad","Heartbeat",{}]
14:51:07 ocpp Q11-543204516334: receive message [3,"fdc033c5-7a86-437c-b2fe-516f5d5461ad",{"currentTime":"2026-09-25T12:51:07Z"}]
14:52:08 ocpp Q11-543204516334: send [2,"6bb6c20d-3063-4fc8-bf23-4cd3fc47cc73","Heartbeat",{}]
14:52:08 ocpp Q11-543204516334: receive message [3,"6bb6c20d-3063-4fc8-bf23-4cd3fc47cc73",{"currentTime":"2026-09-25T12:52:08Z"}]
14:53:08 ocpp Q11-543204516334: send [2,"4f485b6b-9ff8-4a62-896c-a2249eb85493","Heartbeat",{}]
14:53:08 ocpp Q11-543204516334: receive message [3,"4f485b6b-9ff8-4a62-896c-a2249eb85493",{"currentTime":"2026-09-25T12:53:08Z"}]
14:54:09 ocpp Q11-543204516334: send [2,"69192d1d-6f80-4fcc-b254-8eb509dad994","Heartbeat",{}]
14:54:09 ocpp Q11-543204516334: receive message [3,"69192d1d-6f80-4fcc-b254-8eb509dad994",{"currentTime":"2026-09-25T12:54:09Z"}]
14:55:09 ocpp Q11-543204516334: send [2,"35f76a5e-24a6-45df-b56c-a570f858eeda","Heartbeat",{}]
14:55:09 ocpp Q11-543204516334: receive message [3,"35f76a5e-24a6-45df-b56c-a570f858eeda",{"currentTime":"2026-09-25T12:55:09Z"}]
14:56:09 ocpp Q11-543204516334: send [2,"32dce312-9b6d-43fd-b298-d126d6e442ff","Heartbeat",{}]
14:56:09 ocpp Q11-543204516334: receive message [3,"32dce312-9b6d-43fd-b298-d126d6e442ff",{"currentTime":"2026-09-25T12:56:09Z"}]
14:57:10 ocpp Q11-543204516334: send [2,"062694b7-fe73-4b35-aabf-9cadc1f9e06a","Heartbeat",{}]
14:57:10 ocpp Q11-543204516334: receive message [3,"062694b7-fe73-4b35-aabf-9cadc1f9e06a",{"currentTime":"2026-09-25T12:57:10Z"}]
14:58:10 ocpp Q11-543204516334: send [2,"1381e225-0b30-40b7-ba25-83a0a8b1be52","Heartbeat",{}]
14:58:10 ocpp Q11-543204516334: receive message [3,"1381e225-0b30-40b7-ba25-83a0a8b1be52",{"currentTime":"2026-09-25T12:58:10Z"}]
14:59:11 ocpp Q11-543204516334: send [2,"a09cc20a-7e5a-4a64-9aa6-12888fb37c0b","Heartbeat",{}]
14:59:11 ocpp Q11-543204516334: receive message [3,"a09cc20a-7e5a-4a64-9aa6-12888fb37c0b",{"currentTime":"2026-09-25T12:59:11Z"}]
15:00:11 ocpp Q11-543204516334: send [2,"9c76bd90-4abc-4ea2-96a1-58614b269273","Heartbeat",{}]
15:00:11 ocpp Q11-543204516334: receive message [3,"9c76bd90-4abc-4ea2-96a1-58614b269273",{"currentTime":"2026-09-25T13:00:11Z"}]
15:01:12 ocpp Q11-543204516334: send [2,"b84646fa-9721-4917-b56c-c413e667fa0c","Heartbeat",{}]
15:01:12 ocpp Q11-543204516334: receive message [3,"b84646fa-9721-4917-b56c-c413e667fa0c",{"currentTime":"2026-09-25T13:01:12Z"}]
15:02:12 ocpp Q11-543204516334: send [2,"a6b83e67-042b-49e3-a827-7c02ee9f6f1b","Heartbeat",{}]
15:02:12 ocpp Q11-543204516334: receive message [3,"a6b83e67-042b-49e3-a827-7c02ee9f6f1b",{"currentTime":"2026-09-25T13:02:12Z"}]
15:03:13 ocpp Q11-543204516334: send [2,"a0efc3c6-d03f-4342-85b8-390e654e6aa0","Heartbeat",{}]
15:03:13 ocpp Q11-543204516334: receive message [3,"a0efc3c6-d03f-4342-85b8-390e654e6aa0",{"currentTime":"2026-09-25T13:03:13Z"}]
15:04:13 ocpp Q11-543204516334: send [2,"c0e7e13c-306d-4e69-96b4-a13a80850ff5","Heartbeat",{}]
15:04:13 ocpp Q11-543204516334: receive message [3,"c0e7e13c-306d-4e69-96b4-a13a80850ff5",{"currentTime":"2026-09-25T13:04:13Z"}]
15:05:14 ocpp Q11-543204516334: send [2,"a8a932b2-2efc-4c87-8670-d545ad3a928c","Heartbeat",{}]
15:05:14 ocpp Q11-543204516334: receive message [3,"a8a932b2-2efc-4c87-8670-d545ad3a928c",{"currentTime":"2026-09-25T13:05:14Z"}]
15:06:15 ocpp Q11-543204516334: send [2,"84661388-f022-4414-9e60-4aa8cc73b641","Heartbeat",{}]
15:06:15 ocpp Q11-543204516334: receive message [3,"84661388-f022-4414-9e60-4aa8cc73b641",{"currentTime":"2026-09-25T13:06:15Z"}]
15:07:15 ocpp Q11-543204516334: send [2,"490aecf3-2f12-4f67-9af9-387408fdb3a4","Heartbeat",{}]
15:07:15 ocpp Q11-543204516334: receive message [3,"490aecf3-2f12-4f67-9af9-387408fdb3a4",{"currentTime":"2026-09-25T13:07:15Z"}]
15:08:16 ocpp Q11-543204516334: send [2,"5a17b649-315a-4255-9f83-5c95078caab4","Heartbeat",{}]
15:08:16 ocpp Q11-543204516334: receive message [3,"5a17b649-315a-4255-9f83-5c95078caab4",{"currentTime":"2026-09-25T13:08:16Z"}]
15:09:16 ocpp Q11-543204516334: send [2,"7ebe36a8-1c60-4256-9ce6-7387b850bb1a","Heartbeat",{}]
15:09:16 ocpp Q11-543204516334: receive message [3,"7ebe36a8-1c60-4256-9ce6-7387b850bb1a",{"currentTime":"2026-09-25T13:09:16Z"}]
15:10:17 ocpp Q11-543204516334: send [2,"8fbfb157-4119-4420-bbb7-9448373870d1","Heartbeat",{}]
15:10:17 ocpp Q11-543204516334: receive message [3,"8fbfb157-4119-4420-bbb7-9448373870d1",{"currentTime":"2026-09-25T13:10:17Z"}]
15:11:17 ocpp Q11-543204516334: send [2,"66214d1c-096f-4197-81ca-b8f67d53b131","Heartbeat",{}]
15:11:17 ocpp Q11-543204516334: receive message [3,"66214d1c-096f-4197-81ca-b8f67d53b131",{"currentTime":"2026-09-25T13:11:17Z"}]
15:12:18 ocpp Q11-543204516334: send [2,"b25ae94a-5f81-40ee-9835-2987d42f01bb","Heartbeat",{}]
15:12:18 ocpp Q11-543204516334: receive message [3,"b25ae94a-5f81-40ee-9835-2987d42f01bb",{"currentTime":"2026-09-25T13:12:18Z"}]
15:13:18 ocpp Q11-543204516334: send [2,"0e7557f9-aca6-485a-9865-300317ebcda9","Heartbeat",{}]
15:13:18 ocpp Q11-543204516334: receive message [3,"0e7557f9-aca6-485a-9865-300317ebcda9",{"currentTime":"2026-09-25T13:13:18Z"}]
15:14:19 ocpp Q11-543204516334: send [2,"8aeca816-5417-4160-8191-43d3d83f5258","Heartbeat",{}]
15:14:19 ocpp Q11-543204516334: receive message [3,"8aeca816-5417-4160-8191-43d3d83f5258",{"currentTime":"2026-09-25T13:14:19Z"}]
15:15:19 ocpp Q11-543204516334: send [2,"368b42db-888e-4131-a1cf-56e761b1f5e3","Heartbeat",{}]
15:15:19 ocpp Q11-543204516334: receive message [3,"368b42db-888e-4131-a1cf-56e761b1f5e3",{"currentTime":"2026-09-25T13:15:19Z"}]
15:16:20 ocpp Q11-543204516334: send [2,"fcf9aaf9-6919-4e92-b6ad-c8c43211879f","Heartbeat",{}]
15:16:20 ocpp Q11-543204516334: receive message [3,"fcf9aaf9-6919-4e92-b6ad-c8c43211879f",{"currentTime":"2026-09-25T13:16:20Z"}]
15:17:20 ocpp Q11-543204516334: send [2,"acd8aad3-967a-4ce7-8310-86c182d027b2","Heartbeat",{}]
15:17:20 ocpp Q11-543204516334: receive message [3,"acd8aad3-967a-4ce7-8310-86c182d027b2",{"currentTime":"2026-09-25T13:17:20Z"}]
15:18:21 ocpp Q11-543204516334: send [2,"0d007080-b2df-4be9-8930-92133d057dba","Heartbeat",{}]
15:18:21 ocpp Q11-543204516334: receive message [3,"0d007080-b2df-4be9-8930-92133d057dba",{"currentTime":"2026-09-25T13:18:21Z"}]
15:19:22 ocpp Q11-543204516334: send [2,"f5beb0c4-0a6f-43a1-abd7-e4c3edc02a5d","Heartbeat",{}]
15:19:22 ocpp Q11-543204516334: receive message [3,"f5beb0c4-0a6f-43a1-abd7-e4c3edc02a5d",{"currentTime":"2026-09-25T13:19:22Z"}]
15:20:22 ocpp Q11-543204516334: send [2,"cb3cc809-9355-4f78-9514-e8e30203d4f4","Heartbeat",{}]
15:20:22 ocpp Q11-543204516334: receive message [3,"cb3cc809-9355-4f78-9514-e8e30203d4f4",{"currentTime":"2026-09-25T13:20:22Z"}]
15:21:23 ocpp Q11-543204516334: send [2,"98eceb32-f692-41b2-82c4-583d567a1ae6","Heartbeat",{}]
15:21:23 ocpp Q11-543204516334: receive message [3,"98eceb32-f692-41b2-82c4-583d567a1ae6",{"currentTime":"2026-09-25T13:21:23Z"}]
15:22:23 ocpp Q11-543204516334: send [2,"d8abd25f-44bd-43ca-9ce9-fd8b8e3cd99b","Heartbeat",{}]
15:22:23 ocpp Q11-543204516334: receive message [3,"d8abd25f-44bd-43ca-9ce9-fd8b8e3cd99b",{"currentTime":"2026-09-25T13:22:23Z"}]
15:23:24 ocpp Q11-543204516334: send [2,"bdf7dabb-1874-4bdc-999e-25fc0157036b","Heartbeat",{}]
15:23:24 ocpp Q11-543204516334: receive message [3,"bdf7dabb-1874-4bdc-999e-25fc0157036b",{"currentTime":"2026-09-25T13:23:24Z"}]
15:24:24 ocpp Q11-543204516334: send [2,"9cd216fb-76e0-4667-8132-b9f7d91e6a6a","Heartbeat",{}]
15:24:24 ocpp Q11-543204516334: receive message [3,"9cd216fb-76e0-4667-8132-b9f7d91e6a6a",{"currentTime":"2026-09-25T13:24:24Z"}]
15:25:25 ocpp Q11-543204516334: send [2,"8f206029-c126-44ff-a635-51ff8f779660","Heartbeat",{}]
15:25:25 ocpp Q11-543204516334: receive message [3,"8f206029-c126-44ff-a635-51ff8f779660",{"currentTime":"2026-09-25T13:25:25Z"}]
15:26:25 ocpp Q11-543204516334: send [2,"647e2a17-4124-418a-87ee-e74b8fd94ad2","Heartbeat",{}]
15:26:25 ocpp Q11-543204516334: receive message [3,"647e2a17-4124-418a-87ee-e74b8fd94ad2",{"currentTime":"2026-09-25T13:26:25Z"}]
15:27:26 ocpp Q11-543204516334: send [2,"4a9ee17d-5745-4b3b-a748-0350735da363","Heartbeat",{}]
15:27:26 ocpp Q11-543204516334: receive message [3,"4a9ee17d-5745-4b3b-a748-0350735da363",{"currentTime":"2026-09-25T13:27:26Z"}]
