11:34:34 most DevKit polaczony: stan charger_free, ladowanie True, limit 12 A, czas DevKitu 11:34
11:34:35 most Polaczono z serwerem OCPP ws://localhost:9000/Q11-543204516334
11:34:35 ocpp Q11-543204516334: send [2,"107dac84-c38a-4625-a5a5-0cb203abeb46","BootNotification",{"chargePointModel":"Q11","chargePointVendor":"AmperePoint","chargePointSerialNumber":"Q11-543204516334","firmwareVersion":"Shelly X DevKit + skrypt v3"}]
11:34:35 ocpp Q11-543204516334: receive message [3,"107dac84-c38a-4625-a5a5-0cb203abeb46",{"currentTime":"2026-10-01T09:34:35Z","interval":60,"status":"Accepted"}]
11:34:35 most BootNotification: Accepted, heartbeat 60 s
11:34:35 ocpp Q11-543204516334: send [2,"11eca9aa-ca74-4463-b075-6673387fe573","StatusNotification",{"connectorId":1,"errorCode":"NoError","status":"Available","timestamp":"2026-10-01T09:34:35Z","info":"Q11: charger_free"}]
11:34:35 ocpp Q11-543204516334: receive message [3,"11eca9aa-ca74-4463-b075-6673387fe573",{}]
11:35:02 ocpp Q11-543204516334: receive message [2,"28c273e0-3265-47cf-8579-61008763b18d","SetChargingProfile",{"connectorId":1,"csChargingProfiles":{"chargingProfileId":1,"stackLevel":0,"chargingProfilePurpose":"TxDefaultProfile","chargingProfileKind":"Absolute","chargingSchedule":{"chargingRateUnit":"A","chargingSchedulePeriod":[{"startPeriod":0,"limit":10.0}]}}}]
11:35:02 most SetChargingProfile: limit 10.0 -> 10 A na Q11
11:35:02 ocpp Q11-543204516334: send [3,"28c273e0-3265-47cf-8579-61008763b18d",{"status":"Accepted"}]
11:35:10 ocpp Q11-543204516334: receive message [2,"24c87a9a-3256-4093-976e-17edb673658e","TriggerMessage",{"requestedMessage":"StatusNotification","connectorId":1}]
11:35:10 ocpp Q11-543204516334: send [3,"24c87a9a-3256-4093-976e-17edb673658e",{"status":"Accepted"}]
11:35:11 ocpp Q11-543204516334: send [2,"5c75fd90-d22a-4c19-a318-606a0876e253","StatusNotification",{"connectorId":1,"errorCode":"NoError","status":"Available","timestamp":"2026-10-01T09:35:11Z","info":"Q11: charger_free"}]
11:35:11 ocpp Q11-543204516334: receive message [3,"5c75fd90-d22a-4c19-a318-606a0876e253",{}]
11:35:14 ocpp Q11-543204516334: receive message [2,"6dd188b9-4be5-4f4b-a53f-6c3ece11944a","TriggerMessage",{"requestedMessage":"MeterValues","connectorId":1}]
11:35:14 ocpp Q11-543204516334: send [3,"6dd188b9-4be5-4f4b-a53f-6c3ece11944a",{"status":"Accepted"}]
11:35:15 ocpp Q11-543204516334: send [2,"ee7da1e9-d80d-4049-a97f-2338ce043131","MeterValues",{"connectorId":1,"meterValue":[{"timestamp":"2026-10-01T09:35:15Z","sampledValue":[{"value":"0","measurand":"Energy.Active.Import.Register","unit":"Wh","context":"Trigger"},{"value":"0","measurand":"Power.Active.Import","unit":"W","context":"Trigger"},{"value":"0","measurand":"Current.Import","phase":"L1","unit":"A","context":"Trigger"},{"value":"0","measurand":"Voltage","phase":"L1","unit":"V","context":"Trigger"},{"value":"0","measurand":"Current.Import","phase":"L2","unit":"A","context":"Trigger"},{"value":"0","measurand":"Voltage","phase":"L2","unit":"V","context":"Trigger"},{"value":"0","measurand":"Current.Import","phase":"L3","unit":"A","context":"Trigger"},{"value":"0","measurand":"Voltage","phase":"L3","unit":"V","context":"Trigger"},{"value":"10","measurand":"Current.Offered","unit":"A","context":"Trigger"}]}]}]
11:35:15 ocpp Q11-543204516334: receive message [3,"ee7da1e9-d80d-4049-a97f-2338ce043131",{}]
11:35:18 ocpp Q11-543204516334: receive message [2,"f821328b-0e83-48e3-8409-7c2f69b9114f","GetConfiguration",{}]
11:35:18 ocpp Q11-543204516334: send [3,"f821328b-0e83-48e3-8409-7c2f69b9114f",{"configurationKey":[{"key":"HeartbeatInterval","readonly":false,"value":"60"},{"key":"MeterValueSampleInterval","readonly":true,"value":"30"},{"key":"NumberOfConnectors","readonly":true,"value":"1"},{"key":"ChargeProfileMaxStackLevel","readonly":true,"value":"0"},{"key":"Q11CurrentLimitA","readonly":true,"value":"10"}]}]
11:35:35 ocpp Q11-543204516334: receive message [2,"f9e4b6a6-061a-4493-8c4d-e3fc00ba3905","SetChargingProfile",{"connectorId":1,"csChargingProfiles":{"chargingProfileId":1,"stackLevel":0,"chargingProfilePurpose":"TxDefaultProfile","chargingProfileKind":"Absolute","chargingSchedule":{"chargingRateUnit":"A","chargingSchedulePeriod":[{"startPeriod":0,"limit":12.0}]}}}]
11:35:36 most SetChargingProfile: limit 12.0 -> 12 A na Q11
11:35:36 ocpp Q11-543204516334: send [3,"f9e4b6a6-061a-4493-8c4d-e3fc00ba3905",{"status":"Accepted"}]
11:35:36 ocpp Q11-543204516334: send [2,"66af8004-b3cf-4b2a-8e7f-8ba70b4d320e","Heartbeat",{}]
11:35:36 ocpp Q11-543204516334: receive message [3,"66af8004-b3cf-4b2a-8e7f-8ba70b4d320e",{"currentTime":"2026-10-01T09:35:36Z"}]
11:36:36 ocpp Q11-543204516334: send [2,"ceded493-f565-421c-8f29-8f3aceb19149","Heartbeat",{}]
11:36:36 ocpp Q11-543204516334: receive message [3,"ceded493-f565-421c-8f29-8f3aceb19149",{"currentTime":"2026-10-01T09:36:36Z"}]
11:36:54 ocpp Q11-543204516334: send [2,"c69f34ec-cfc7-4b95-9840-02e59f3d0af6","StatusNotification",{"connectorId":1,"errorCode":"NoError","status":"SuspendedEVSE","timestamp":"2026-10-01T09:36:54Z","info":"Q11: charger_wait"}]
11:36:54 ocpp Q11-543204516334: receive message [3,"c69f34ec-cfc7-4b95-9840-02e59f3d0af6",{}]
11:36:57 ocpp Q11-543204516334: send [2,"a157cf6c-8ad7-4f5b-9daa-a4a3b5be6958","StatusNotification",{"connectorId":1,"errorCode":"NoError","status":"Charging","timestamp":"2026-10-01T09:36:57Z","info":"Q11: charger_charging"}]
11:36:57 ocpp Q11-543204516334: receive message [3,"a157cf6c-8ad7-4f5b-9daa-a4a3b5be6958",{}]
11:36:57 ocpp Q11-543204516334: send [2,"41eeac23-e2ca-479f-993c-3211af471e17","StartTransaction",{"connectorId":1,"idTag":"Q11-LOKALNIE","meterStart":0,"timestamp":"2026-10-01T09:36:57Z"}]
11:36:57 ocpp Q11-543204516334: receive message [3,"41eeac23-e2ca-479f-993c-3211af471e17",{"transactionId":1,"idTagInfo":{"status":"Accepted"}}]
11:36:57 most transakcja 1 rozpoczeta (idTag Q11-LOKALNIE)
11:36:57 ocpp Q11-543204516334: send [2,"a6c0862a-cc8b-4f38-a099-a1784a591be3","MeterValues",{"connectorId":1,"meterValue":[{"timestamp":"2026-10-01T09:36:57Z","sampledValue":[{"value":"0","measurand":"Energy.Active.Import.Register","unit":"Wh","context":"Sample.Periodic"},{"value":"0","measurand":"Power.Active.Import","unit":"W","context":"Sample.Periodic"},{"value":"0","measurand":"Current.Import","phase":"L1","unit":"A","context":"Sample.Periodic"},{"value":"225","measurand":"Voltage","phase":"L1","unit":"V","context":"Sample.Periodic"},{"value":"0","measurand":"Current.Import","phase":"L2","unit":"A","context":"Sample.Periodic"},{"value":"0","measurand":"Voltage","phase":"L2","unit":"V","context":"Sample.Periodic"},{"value":"0","measurand":"Current.Import","phase":"L3","unit":"A","context":"Sample.Periodic"},{"value":"0","measurand":"Voltage","phase":"L3","unit":"V","context":"Sample.Periodic"},{"value":"12","measurand":"Current.Offered","unit":"A","context":"Sample.Periodic"}]}],"transactionId":1}]
11:36:57 ocpp Q11-543204516334: receive message [3,"a6c0862a-cc8b-4f38-a099-a1784a591be3",{}]
11:37:28 ocpp Q11-543204516334: send [2,"eb7341f7-ef93-43cd-843a-a3e23c4c6e62","MeterValues",{"connectorId":1,"meterValue":[{"timestamp":"2026-10-01T09:37:28Z","sampledValue":[{"value":"0","measurand":"Energy.Active.Import.Register","unit":"Wh","context":"Sample.Periodic"},{"value":"0","measurand":"Power.Active.Import","unit":"W","context":"Sample.Periodic"},{"value":"0","measurand":"Current.Import","phase":"L1","unit":"A","context":"Sample.Periodic"},{"value":"225","measurand":"Voltage","phase":"L1","unit":"V","context":"Sample.Periodic"},{"value":"0","measurand":"Current.Import","phase":"L2","unit":"A","context":"Sample.Periodic"},{"value":"0","measurand":"Voltage","phase":"L2","unit":"V","context":"Sample.Periodic"},{"value":"0","measurand":"Current.Import","phase":"L3","unit":"A","context":"Sample.Periodic"},{"value":"0","measurand":"Voltage","phase":"L3","unit":"V","context":"Sample.Periodic"},{"value":"12","measurand":"Current.Offered","unit":"A","context":"Sample.Periodic"}]}],"transactionId":1}]
11:37:28 ocpp Q11-543204516334: receive message [3,"eb7341f7-ef93-43cd-843a-a3e23c4c6e62",{}]
11:37:37 ocpp Q11-543204516334: send [2,"00c489c4-e197-49e7-8e4e-d8a01956ca16","Heartbeat",{}]
11:37:37 ocpp Q11-543204516334: receive message [3,"00c489c4-e197-49e7-8e4e-d8a01956ca16",{"currentTime":"2026-10-01T09:37:37Z"}]
11:37:58 ocpp Q11-543204516334: send [2,"0d5202e9-4c8f-4467-b430-8453513ab220","MeterValues",{"connectorId":1,"meterValue":[{"timestamp":"2026-10-01T09:37:58Z","sampledValue":[{"value":"0","measurand":"Energy.Active.Import.Register","unit":"Wh","context":"Sample.Periodic"},{"value":"0","measurand":"Power.Active.Import","unit":"W","context":"Sample.Periodic"},{"value":"0","measurand":"Current.Import","phase":"L1","unit":"A","context":"Sample.Periodic"},{"value":"225","measurand":"Voltage","phase":"L1","unit":"V","context":"Sample.Periodic"},{"value":"0","measurand":"Current.Import","phase":"L2","unit":"A","context":"Sample.Periodic"},{"value":"0","measurand":"Voltage","phase":"L2","unit":"V","context":"Sample.Periodic"},{"value":"0","measurand":"Current.Import","phase":"L3","unit":"A","context":"Sample.Periodic"},{"value":"0","measurand":"Voltage","phase":"L3","unit":"V","context":"Sample.Periodic"},{"value":"12","measurand":"Current.Offered","unit":"A","context":"Sample.Periodic"}]}],"transactionId":1}]
11:37:58 ocpp Q11-543204516334: receive message [3,"0d5202e9-4c8f-4467-b430-8453513ab220",{}]
11:38:28 ocpp Q11-543204516334: send [2,"6464292b-faac-4aa0-8ada-83f083675623","MeterValues",{"connectorId":1,"meterValue":[{"timestamp":"2026-10-01T09:38:28Z","sampledValue":[{"value":"0","measurand":"Energy.Active.Import.Register","unit":"Wh","context":"Sample.Periodic"},{"value":"0","measurand":"Power.Active.Import","unit":"W","context":"Sample.Periodic"},{"value":"0","measurand":"Current.Import","phase":"L1","unit":"A","context":"Sample.Periodic"},{"value":"225","measurand":"Voltage","phase":"L1","unit":"V","context":"Sample.Periodic"},{"value":"0","measurand":"Current.Import","phase":"L2","unit":"A","context":"Sample.Periodic"},{"value":"0","measurand":"Voltage","phase":"L2","unit":"V","context":"Sample.Periodic"},{"value":"0","measurand":"Current.Import","phase":"L3","unit":"A","context":"Sample.Periodic"},{"value":"0","measurand":"Voltage","phase":"L3","unit":"V","context":"Sample.Periodic"},{"value":"12","measurand":"Current.Offered","unit":"A","context":"Sample.Periodic"}]}],"transactionId":1}]
11:38:28 ocpp Q11-543204516334: receive message [3,"6464292b-faac-4aa0-8ada-83f083675623",{}]
11:38:37 ocpp Q11-543204516334: send [2,"9b53687e-0f2e-41aa-b80b-6dd784ca48d0","Heartbeat",{}]
11:38:37 ocpp Q11-543204516334: receive message [3,"9b53687e-0f2e-41aa-b80b-6dd784ca48d0",{"currentTime":"2026-10-01T09:38:37Z"}]
11:38:58 ocpp Q11-543204516334: send [2,"0627e82b-449b-42cc-b863-9bd4f3d1a1b8","MeterValues",{"connectorId":1,"meterValue":[{"timestamp":"2026-10-01T09:38:58Z","sampledValue":[{"value":"0","measurand":"Energy.Active.Import.Register","unit":"Wh","context":"Sample.Periodic"},{"value":"0","measurand":"Power.Active.Import","unit":"W","context":"Sample.Periodic"},{"value":"0","measurand":"Current.Import","phase":"L1","unit":"A","context":"Sample.Periodic"},{"value":"225","measurand":"Voltage","phase":"L1","unit":"V","context":"Sample.Periodic"},{"value":"0","measurand":"Current.Import","phase":"L2","unit":"A","context":"Sample.Periodic"},{"value":"0","measurand":"Voltage","phase":"L2","unit":"V","context":"Sample.Periodic"},{"value":"0","measurand":"Current.Import","phase":"L3","unit":"A","context":"Sample.Periodic"},{"value":"0","measurand":"Voltage","phase":"L3","unit":"V","context":"Sample.Periodic"},{"value":"12","measurand":"Current.Offered","unit":"A","context":"Sample.Periodic"}]}],"transactionId":1}]
11:38:58 ocpp Q11-543204516334: receive message [3,"0627e82b-449b-42cc-b863-9bd4f3d1a1b8",{}]
11:39:29 ocpp Q11-543204516334: send [2,"b55cd761-ebe2-406a-bb5f-4d9f61273363","MeterValues",{"connectorId":1,"meterValue":[{"timestamp":"2026-10-01T09:39:29Z","sampledValue":[{"value":"0","measurand":"Energy.Active.Import.Register","unit":"Wh","context":"Sample.Periodic"},{"value":"0","measurand":"Power.Active.Import","unit":"W","context":"Sample.Periodic"},{"value":"0","measurand":"Current.Import","phase":"L1","unit":"A","context":"Sample.Periodic"},{"value":"225","measurand":"Voltage","phase":"L1","unit":"V","context":"Sample.Periodic"},{"value":"0","measurand":"Current.Import","phase":"L2","unit":"A","context":"Sample.Periodic"},{"value":"0","measurand":"Voltage","phase":"L2","unit":"V","context":"Sample.Periodic"},{"value":"0","measurand":"Current.Import","phase":"L3","unit":"A","context":"Sample.Periodic"},{"value":"0","measurand":"Voltage","phase":"L3","unit":"V","context":"Sample.Periodic"},{"value":"12","measurand":"Current.Offered","unit":"A","context":"Sample.Periodic"}]}],"transactionId":1}]
11:39:29 ocpp Q11-543204516334: receive message [3,"b55cd761-ebe2-406a-bb5f-4d9f61273363",{}]
11:39:38 ocpp Q11-543204516334: send [2,"56a6bf13-c1a5-4b51-beac-aa165d242cde","Heartbeat",{}]
11:39:38 ocpp Q11-543204516334: receive message [3,"56a6bf13-c1a5-4b51-beac-aa165d242cde",{"currentTime":"2026-10-01T09:39:38Z"}]
11:39:46 ocpp Q11-543204516334: send [2,"167d3fc1-6407-4b34-88f6-dffdb31c0d80","StatusNotification",{"connectorId":1,"errorCode":"NoError","status":"Available","timestamp":"2026-10-01T09:39:46Z","info":"Q11: charger_free"}]
11:39:46 ocpp Q11-543204516334: receive message [3,"167d3fc1-6407-4b34-88f6-dffdb31c0d80",{}]
11:39:46 ocpp Q11-543204516334: send [2,"f5240b84-47a9-4e87-a97d-131ce4c1422e","StopTransaction",{"meterStop":0,"timestamp":"2026-10-01T09:39:46Z","transactionId":1,"reason":"EVDisconnected"}]
11:39:46 ocpp Q11-543204516334: receive message [3,"f5240b84-47a9-4e87-a97d-131ce4c1422e",{}]
11:39:46 most transakcja 1 zakonczona (EVDisconnected)
11:40:38 ocpp Q11-543204516334: send [2,"51a63470-bb70-471e-b244-d082f657246a","Heartbeat",{}]
11:40:38 ocpp Q11-543204516334: receive message [3,"51a63470-bb70-471e-b244-d082f657246a",{"currentTime":"2026-10-01T09:40:38Z"}]
11:41:39 ocpp Q11-543204516334: send [2,"89e8d84d-9dcb-404e-ab57-5749512f92be","Heartbeat",{}]
11:41:39 ocpp Q11-543204516334: receive message [3,"89e8d84d-9dcb-404e-ab57-5749512f92be",{"currentTime":"2026-10-01T09:41:39Z"}]
11:42:39 ocpp Q11-543204516334: send [2,"8864cf79-ece3-4ae2-b276-ea2302d76b94","Heartbeat",{}]
11:42:39 ocpp Q11-543204516334: receive message [3,"8864cf79-ece3-4ae2-b276-ea2302d76b94",{"currentTime":"2026-10-01T09:42:39Z"}]
