18:32:27  Monitor DevKitu przez Wi-Fi, 192.168.0.238. Ustawienia na starcie:
18:32:27      Ładowanie włączone (DP 18): nie
18:32:27      Limit prądu (DP 4): 15 A
18:32:27      Stan ładowarki (DP 3): Wolna
18:32:27      odczyty: energia sesji 0 kWh | czas sesji 0 min | moc 0 W, prąd 0 A, napięcia 0/0/0 V, licznik 0 kWh
18:32:27  Log przez Wi-Fi: połączono z 192.168.0.238
18:32:27  Q11: mikrokontroler nie odpowiada (Heartbeat timed out); kolejne takie same pomijam
18:37:40  Log przez Wi-Fi: brak połączenia (DevKit zamknął log); ponawiam za 5 s
18:37:55  Log przez Wi-Fi: brak połączenia (timed out); ponawiam za 5 s
18:38:10  Log przez Wi-Fi: brak połączenia (timed out); ponawiam za 5 s
18:38:25  Log przez Wi-Fi: brak połączenia (timed out); ponawiam za 5 s
18:38:40  Log przez Wi-Fi: brak połączenia (timed out); ponawiam za 5 s
18:38:55  Log przez Wi-Fi: brak połączenia (timed out); ponawiam za 5 s
18:39:10  Log przez Wi-Fi: brak połączenia (timed out); ponawiam za 5 s
18:39:25  Log przez Wi-Fi: brak połączenia (timed out); ponawiam za 5 s
18:39:40  Log przez Wi-Fi: brak połączenia (timed out); ponawiam za 5 s
18:39:55  Log przez Wi-Fi: brak połączenia (timed out); ponawiam za 5 s
18:40:10  Log przez Wi-Fi: brak połączenia (timed out); ponawiam za 5 s
18:40:25  Log przez Wi-Fi: brak połączenia (timed out); ponawiam za 5 s
18:40:40  Log przez Wi-Fi: brak połączenia (timed out); ponawiam za 5 s
18:40:55  Log przez Wi-Fi: brak połączenia (timed out); ponawiam za 5 s
18:41:10  Log przez Wi-Fi: brak połączenia (timed out); ponawiam za 5 s
18:41:25  Log przez Wi-Fi: brak połączenia (timed out); ponawiam za 5 s
18:41:40  Log przez Wi-Fi: brak połączenia (timed out); ponawiam za 5 s
18:41:55  Log przez Wi-Fi: brak połączenia (timed out); ponawiam za 5 s
18:42:10  Log przez Wi-Fi: brak połączenia (timed out); ponawiam za 5 s
18:42:25  Log przez Wi-Fi: brak połączenia (timed out); ponawiam za 5 s
18:42:40  Log przez Wi-Fi: brak połączenia (timed out); ponawiam za 5 s
18:42:55  Log przez Wi-Fi: brak połączenia (timed out); ponawiam za 5 s
18:43:10  Log przez Wi-Fi: brak połączenia (timed out); ponawiam za 5 s
18:43:16  Log przez Wi-Fi: połączono z 192.168.0.238
18:43:16  [SHC] polecenie XMOD.GetProductJWS
18:43:21  [SHC] polecenie service.getinfo
18:43:21  [SHC] polecenie shc.channelready
18:43:26  [Bluetooth] polecenie BLE.SetConfig
18:44:12  [SHC] polecenie service.getinfo
18:44:12  [SHC] polecenie shc.channelready
18:44:23  [strona WWW] polecenie XMOD.GetInfo
18:44:24  [strona WWW] strona DevKitu została otwarta
18:44:24  [strona WWW] polecenie boolean.set
18:44:25      TMCU: D shelly_tmcu.cpp:890     TX: 0x06 v=3 [1201000101] (Expecting heartbeat)
18:44:25      TMCU: D shelly_tmcu.cpp:938     response to 07 timed out after 0.3043 s
18:44:25      TMCU: D shelly_tmcu.cpp:890     TX: 0x06 v=3 [1201000101] (Expecting heartbeat)
18:44:25      TMCU: D shelly_tmcu.cpp:938     response to 07 timed out after 0.3036 s
18:44:25      TMCU: D shelly_tmcu.cpp:890     TX: 0x06 v=3 [1201000101] (Expecting heartbeat)
18:44:26      TMCU: D shelly_tmcu.cpp:938     response to 07 timed out after 0.3041 s
18:44:26      TMCU: D shelly_tmcu.cpp:890     TX: 0x06 v=3 [1201000101] (Expecting heartbeat)
18:44:26      TMCU: D shelly_tmcu.cpp:938     response to 07 timed out after 0.3042 s
18:44:26      TMCU: D shelly_tmcu.cpp:890     TX: 0x06 v=3 [1201000101] (Expecting heartbeat)
18:44:26      TMCU: D shelly_tmcu.cpp:938     response to 07 timed out after 0.3037 s
18:44:26      TMCU: D shelly_tmcu.cpp:890     TX: 0x06 v=3 [1201000101] (Expecting heartbeat)
18:44:27      TMCU: D shelly_tmcu.cpp:938     response to 07 timed out after 0.4584 s
18:44:27      TMCU: E shelly_tmcu.cpp:942     Initialization failed at init_state 0 Expecting heartbeat
18:44:27      TMCU: D shelly_tmcu.cpp:79      Tmcu Event 3 (0x0)
18:44:27  [strona WWW] polecenie boolean.set
18:44:27      TMCU: D shelly_tmcu.cpp:890     TX: 0x06 v=3 [1201000100] (Expecting heartbeat)
18:44:27      TMCU: D shelly_tmcu.cpp:938     response to 07 timed out after 0.3036 s
18:44:27      TMCU: D shelly_tmcu.cpp:890     TX: 0x06 v=3 [1201000100] (Expecting heartbeat)
18:44:28      TMCU: D shelly_tmcu.cpp:938     response to 07 timed out after 0.3047 s
18:44:28      TMCU: D shelly_tmcu.cpp:890     TX: 0x06 v=3 [1201000100] (Expecting heartbeat)
18:44:28      TMCU: D shelly_tmcu.cpp:938     response to 07 timed out after 0.3039 s
18:44:28      TMCU: D shelly_tmcu.cpp:890     TX: 0x06 v=3 [1201000100] (Expecting heartbeat)
18:44:28      TMCU: D shelly_tmcu.cpp:938     response to 07 timed out after 0.3037 s
18:44:28      TMCU: D shelly_tmcu.cpp:890     TX: 0x06 v=3 [1201000100] (Expecting heartbeat)
18:44:29      TMCU: D shelly_tmcu.cpp:938     response to 07 timed out after 0.3044 s
18:44:29      TMCU: D shelly_tmcu.cpp:890     TX: 0x06 v=3 [1201000100] (Expecting heartbeat)
18:44:29      TMCU: D shelly_tmcu.cpp:938     response to 07 timed out after 0.3432 s
18:44:29      TMCU: E shelly_tmcu.cpp:942     Initialization failed at init_state 0 Expecting heartbeat
18:44:29      TMCU: D shelly_tmcu.cpp:79      Tmcu Event 3 (0x0)
18:44:33  [strona WWW] polecenie boolean.set
18:44:33      TMCU: D shelly_tmcu.cpp:890     TX: 0x06 v=3 [1201000101] (Expecting heartbeat)
18:44:33      TMCU: D shelly_tmcu.cpp:938     response to 07 timed out after 0.3041 s
18:44:33      TMCU: D shelly_tmcu.cpp:890     TX: 0x06 v=3 [1201000101] (Expecting heartbeat)
18:44:33      TMCU: D shelly_tmcu.cpp:938     response to 07 timed out after 0.3037 s
18:44:33      TMCU: D shelly_tmcu.cpp:890     TX: 0x06 v=3 [1201000101] (Expecting heartbeat)
18:44:34      TMCU: D shelly_tmcu.cpp:938     response to 07 timed out after 0.3037 s
18:44:34      TMCU: D shelly_tmcu.cpp:890     TX: 0x06 v=3 [1201000101] (Expecting heartbeat)
18:44:34      TMCU: D shelly_tmcu.cpp:938     response to 07 timed out after 0.3039 s
18:44:34      TMCU: D shelly_tmcu.cpp:890     TX: 0x06 v=3 [1201000101] (Expecting heartbeat)
18:44:34      TMCU: D shelly_tmcu.cpp:938     response to 07 timed out after 0.3044 s
18:44:34      TMCU: D shelly_tmcu.cpp:890     TX: 0x06 v=3 [1201000101] (Expecting heartbeat)
18:44:35      TMCU: D shelly_tmcu.cpp:938     response to 07 timed out after 0.3556 s
18:44:35      TMCU: E shelly_tmcu.cpp:942     Initialization failed at init_state 0 Expecting heartbeat
18:44:35      TMCU: D shelly_tmcu.cpp:79      Tmcu Event 3 (0x0)
18:44:35  [strona WWW] polecenie boolean.set
18:44:35      TMCU: D shelly_tmcu.cpp:890     TX: 0x06 v=3 [1201000100] (Expecting heartbeat)
18:44:36      TMCU: D shelly_tmcu.cpp:938     response to 07 timed out after 0.3037 s
18:44:36      TMCU: D shelly_tmcu.cpp:890     TX: 0x06 v=3 [1201000100] (Expecting heartbeat)
18:44:36      TMCU: D shelly_tmcu.cpp:938     response to 07 timed out after 0.3037 s
18:44:36      TMCU: D shelly_tmcu.cpp:890     TX: 0x06 v=3 [1201000100] (Expecting heartbeat)
18:44:36      TMCU: D shelly_tmcu.cpp:938     response to 07 timed out after 0.3040 s
18:44:36      TMCU: D shelly_tmcu.cpp:890     TX: 0x06 v=3 [1201000100] (Expecting heartbeat)
18:44:37      TMCU: D shelly_tmcu.cpp:938     response to 07 timed out after 0.3037 s
18:44:37      TMCU: D shelly_tmcu.cpp:890     TX: 0x06 v=3 [1201000100] (Expecting heartbeat)
18:44:37      TMCU: D shelly_tmcu.cpp:938     response to 07 timed out after 0.3043 s
18:44:37      TMCU: D shelly_tmcu.cpp:890     TX: 0x06 v=3 [1201000100] (Expecting heartbeat)
18:44:37      TMCU: D shelly_tmcu.cpp:938     response to 07 timed out after 0.3558 s
18:44:37      TMCU: E shelly_tmcu.cpp:942     Initialization failed at init_state 0 Expecting heartbeat
18:44:37      TMCU: D shelly_tmcu.cpp:79      Tmcu Event 3 (0x0)
18:44:38      TMCU: D shelly_tmcu.cpp:890     TX: 0x06 v=3 [040200040000000c] (Expecting heartbeat)
18:44:39      TMCU: D shelly_tmcu.cpp:938     response to 07 timed out after 0.3036 s
18:44:39      TMCU: D shelly_tmcu.cpp:890     TX: 0x06 v=3 [040200040000000c] (Expecting heartbeat)
18:44:39      TMCU: D shelly_tmcu.cpp:938     response to 07 timed out after 0.3046 s
18:44:39      TMCU: D shelly_tmcu.cpp:890     TX: 0x06 v=3 [040200040000000c] (Expecting heartbeat)
18:44:39      TMCU: D shelly_tmcu.cpp:938     response to 07 timed out after 0.3037 s
18:44:39      TMCU: D shelly_tmcu.cpp:890     TX: 0x06 v=3 [040200040000000c] (Expecting heartbeat)
18:44:40      TMCU: D shelly_tmcu.cpp:938     response to 07 timed out after 0.3037 s
18:44:40      TMCU: D shelly_tmcu.cpp:890     TX: 0x06 v=3 [040200040000000c] (Expecting heartbeat)
18:44:40      TMCU: D shelly_tmcu.cpp:938     response to 07 timed out after 0.3039 s
18:44:40      TMCU: D shelly_tmcu.cpp:890     TX: 0x06 v=3 [040200040000000c] (Expecting heartbeat)
18:44:40      TMCU: D shelly_tmcu.cpp:938     response to 07 timed out after 0.3490 s
18:44:40      TMCU: E shelly_tmcu.cpp:942     Initialization failed at init_state 0 Expecting heartbeat
18:44:40      TMCU: D shelly_tmcu.cpp:79      Tmcu Event 3 (0x0)
18:44:42      TMCU: D shelly_tmcu.cpp:890     TX: 0x06 v=3 [0402000400000010] (Expecting heartbeat)
18:44:42      TMCU: D shelly_tmcu.cpp:938     response to 07 timed out after 0.3039 s
18:44:42      TMCU: D shelly_tmcu.cpp:890     TX: 0x06 v=3 [0402000400000010] (Expecting heartbeat)
18:44:42      TMCU: D shelly_tmcu.cpp:938     response to 07 timed out after 0.3041 s
18:44:42      TMCU: D shelly_tmcu.cpp:890     TX: 0x06 v=3 [0402000400000010] (Expecting heartbeat)
18:44:43      TMCU: D shelly_tmcu.cpp:938     response to 07 timed out after 0.3043 s
18:44:43      TMCU: D shelly_tmcu.cpp:890     TX: 0x06 v=3 [0402000400000010] (Expecting heartbeat)
18:44:43      TMCU: D shelly_tmcu.cpp:938     response to 07 timed out after 0.3041 s
18:44:43      TMCU: D shelly_tmcu.cpp:890     TX: 0x06 v=3 [0402000400000010] (Expecting heartbeat)
18:44:43      TMCU: D shelly_tmcu.cpp:938     response to 07 timed out after 0.3036 s
18:44:43      TMCU: D shelly_tmcu.cpp:890     TX: 0x06 v=3 [0402000400000010] (Expecting heartbeat)
18:44:44      TMCU: D shelly_tmcu.cpp:938     response to 07 timed out after 0.3690 s
18:44:44      TMCU: E shelly_tmcu.cpp:942     Initialization failed at init_state 0 Expecting heartbeat
18:44:44      TMCU: D shelly_tmcu.cpp:79      Tmcu Event 3 (0x0)
18:44:53      TMCU: D shelly_tmcu.cpp:890     TX: 0x06 v=3 [040200040000000d] (Expecting heartbeat)
18:44:54      TMCU: D shelly_tmcu.cpp:938     response to 07 timed out after 0.3036 s
18:44:54      TMCU: D shelly_tmcu.cpp:890     TX: 0x06 v=3 [040200040000000d] (Expecting heartbeat)
18:44:54      TMCU: D shelly_tmcu.cpp:938     response to 07 timed out after 0.3038 s
18:44:54      TMCU: D shelly_tmcu.cpp:890     TX: 0x06 v=3 [040200040000000d] (Expecting heartbeat)
18:44:54      TMCU: D shelly_tmcu.cpp:938     response to 07 timed out after 0.3041 s
18:44:54      TMCU: D shelly_tmcu.cpp:890     TX: 0x06 v=3 [040200040000000d] (Expecting heartbeat)
18:44:55      TMCU: D shelly_tmcu.cpp:938     response to 07 timed out after 0.3036 s
18:44:55      TMCU: D shelly_tmcu.cpp:890     TX: 0x06 v=3 [040200040000000d] (Expecting heartbeat)
18:44:55      TMCU: D shelly_tmcu.cpp:938     response to 07 timed out after 0.3040 s
18:44:55      TMCU: D shelly_tmcu.cpp:890     TX: 0x06 v=3 [040200040000000d] (Expecting heartbeat)
18:44:55      TMCU: D shelly_tmcu.cpp:938     response to 07 timed out after 0.3150 s
18:44:55      TMCU: E shelly_tmcu.cpp:942     Initialization failed at init_state 0 Expecting heartbeat
18:44:55      TMCU: D shelly_tmcu.cpp:79      Tmcu Event 3 (0x0)
18:45:15  [strona WWW] polecenie boolean.set
18:45:15      TMCU: D shelly_tmcu.cpp:890     TX: 0x06 v=3 [1201000101] (Expecting heartbeat)
18:45:15      TMCU: D shelly_tmcu.cpp:938     response to 07 timed out after 0.3044 s
18:45:15      TMCU: D shelly_tmcu.cpp:890     TX: 0x06 v=3 [1201000101] (Expecting heartbeat)
18:45:15      TMCU: D shelly_tmcu.cpp:938     response to 07 timed out after 0.3037 s
18:45:15      TMCU: D shelly_tmcu.cpp:890     TX: 0x06 v=3 [1201000101] (Expecting heartbeat)
18:45:16      TMCU: D shelly_tmcu.cpp:938     response to 07 timed out after 0.3037 s
18:45:16      TMCU: D shelly_tmcu.cpp:890     TX: 0x06 v=3 [1201000101] (Expecting heartbeat)
18:45:16      TMCU: D shelly_tmcu.cpp:938     response to 07 timed out after 0.3039 s
18:45:16      TMCU: D shelly_tmcu.cpp:890     TX: 0x06 v=3 [1201000101] (Expecting heartbeat)
18:45:16      TMCU: D shelly_tmcu.cpp:938     response to 07 timed out after 0.3037 s
18:45:16      TMCU: D shelly_tmcu.cpp:890     TX: 0x06 v=3 [1201000101] (Expecting heartbeat)
18:45:17      TMCU: D shelly_tmcu.cpp:938     response to 07 timed out after 0.3365 s
18:45:17      TMCU: E shelly_tmcu.cpp:942     Initialization failed at init_state 0 Expecting heartbeat
18:45:17      TMCU: D shelly_tmcu.cpp:79      Tmcu Event 3 (0x0)
18:45:22  [strona WWW] polecenie boolean.set
18:45:22      TMCU: D shelly_tmcu.cpp:890     TX: 0x06 v=3 [1201000100] (Expecting heartbeat)
18:45:22      TMCU: D shelly_tmcu.cpp:938     response to 07 timed out after 0.3042 s
18:45:22      TMCU: D shelly_tmcu.cpp:890     TX: 0x06 v=3 [1201000100] (Expecting heartbeat)
18:45:22      TMCU: D shelly_tmcu.cpp:938     response to 07 timed out after 0.3037 s
18:45:22      TMCU: D shelly_tmcu.cpp:890     TX: 0x06 v=3 [1201000100] (Expecting heartbeat)
18:45:23      TMCU: D shelly_tmcu.cpp:938     response to 07 timed out after 0.3037 s
18:45:23      TMCU: D shelly_tmcu.cpp:890     TX: 0x06 v=3 [1201000100] (Expecting heartbeat)
18:45:23      TMCU: D shelly_tmcu.cpp:938     response to 07 timed out after 0.3042 s
18:45:23      TMCU: D shelly_tmcu.cpp:890     TX: 0x06 v=3 [1201000100] (Expecting heartbeat)
18:45:23      TMCU: D shelly_tmcu.cpp:938     response to 07 timed out after 0.3037 s
18:45:23      TMCU: D shelly_tmcu.cpp:890     TX: 0x06 v=3 [1201000100] (Expecting heartbeat)
18:45:24      TMCU: D shelly_tmcu.cpp:938     response to 07 timed out after 0.3380 s
18:45:24      TMCU: E shelly_tmcu.cpp:942     Initialization failed at init_state 0 Expecting heartbeat
18:45:24      TMCU: D shelly_tmcu.cpp:79      Tmcu Event 3 (0x0)
18:51:13  Log przez Wi-Fi: brak połączenia (45 s bez żadnego wiersza logu); ponawiam za 5 s
18:51:28  Log przez Wi-Fi: brak połączenia (timed out); ponawiam za 5 s
18:51:43  Log przez Wi-Fi: brak połączenia (timed out); ponawiam za 5 s
18:51:58  Log przez Wi-Fi: brak połączenia (timed out); ponawiam za 5 s
18:52:13  Log przez Wi-Fi: brak połączenia (timed out); ponawiam za 5 s
18:52:28  Log przez Wi-Fi: brak połączenia (timed out); ponawiam za 5 s
18:52:33  Log przez Wi-Fi: połączono z 192.168.0.238
